Archive member included because of file (symbol)

build/OpenMote-CC2538_armgcc/openstack/libopenstack.a(openstack.o)
                              build/OpenMote-CC2538_armgcc/projects/common/03oos_openwsn/03oos_openwsn.o (openstack_init)
build/OpenMote-CC2538_armgcc/openstack/libopenstack.a(IEEE802154E.o)
                              build/OpenMote-CC2538_armgcc/openstack/libopenstack.a(openstack.o) (ieee154e_init)
build/OpenMote-CC2538_armgcc/openstack/libopenstack.a(adaptive_sync.o)
                              build/OpenMote-CC2538_armgcc/openstack/libopenstack.a(openstack.o) (adaptive_sync_init)
build/OpenMote-CC2538_armgcc/openstack/libopenstack.a(IEEE802154_dummy_security.o)
                              build/OpenMote-CC2538_armgcc/openstack/libopenstack.a(openstack.o) (IEEE802154_dummy_security)
build/OpenMote-CC2538_armgcc/openstack/libopenstack.a(neighbors.o)
                              build/OpenMote-CC2538_armgcc/openstack/libopenstack.a(openstack.o) (neighbors_init)
build/OpenMote-CC2538_armgcc/openstack/libopenstack.a(processIE.o)
                              build/OpenMote-CC2538_armgcc/openstack/libopenstack.a(IEEE802154E.o) (processIE_retrieveSlotframeLinkIE)
build/OpenMote-CC2538_armgcc/openstack/libopenstack.a(schedule.o)
                              build/OpenMote-CC2538_armgcc/openstack/libopenstack.a(openstack.o) (schedule_init)
build/OpenMote-CC2538_armgcc/openstack/libopenstack.a(sixtop.o)
                              build/OpenMote-CC2538_armgcc/openstack/libopenstack.a(openstack.o) (sixtop_init)
build/OpenMote-CC2538_armgcc/openstack/libopenstack.a(iphc.o)
                              build/OpenMote-CC2538_armgcc/openstack/libopenstack.a(openstack.o) (iphc_init)
build/OpenMote-CC2538_armgcc/openstack/libopenstack.a(openbridge.o)
                              build/OpenMote-CC2538_armgcc/openstack/libopenstack.a(openstack.o) (openbridge_init)
build/OpenMote-CC2538_armgcc/openstack/libopenstack.a(forwarding.o)
                              build/OpenMote-CC2538_armgcc/openstack/libopenstack.a(openstack.o) (forwarding_init)
build/OpenMote-CC2538_armgcc/openstack/libopenstack.a(icmpv6.o)
                              build/OpenMote-CC2538_armgcc/openstack/libopenstack.a(openstack.o) (icmpv6_init)
build/OpenMote-CC2538_armgcc/openstack/libopenstack.a(icmpv6echo.o)
                              build/OpenMote-CC2538_armgcc/openstack/libopenstack.a(openstack.o) (icmpv6echo_init)
build/OpenMote-CC2538_armgcc/openstack/libopenstack.a(icmpv6rpl.o)
                              build/OpenMote-CC2538_armgcc/openstack/libopenstack.a(openstack.o) (icmpv6rpl_init)
build/OpenMote-CC2538_armgcc/openstack/libopenstack.a(opencoap.o)
                              build/OpenMote-CC2538_armgcc/openstack/libopenstack.a(openstack.o) (opencoap_init)
build/OpenMote-CC2538_armgcc/openstack/libopenstack.a(opentcp.o)
                              build/OpenMote-CC2538_armgcc/openstack/libopenstack.a(openstack.o) (opentcp_init)
build/OpenMote-CC2538_armgcc/openstack/libopenstack.a(openudp.o)
                              build/OpenMote-CC2538_armgcc/openstack/libopenstack.a(openstack.o) (openudp_init)
build/OpenMote-CC2538_armgcc/openstack/libopenstack.a(idmanager.o)
                              build/OpenMote-CC2538_armgcc/openstack/libopenstack.a(openstack.o) (idmanager_init)
build/OpenMote-CC2538_armgcc/openstack/libopenstack.a(openqueue.o)
                              build/OpenMote-CC2538_armgcc/openstack/libopenstack.a(openstack.o) (openqueue_init)
build/OpenMote-CC2538_armgcc/openstack/libopenstack.a(openrandom.o)
                              build/OpenMote-CC2538_armgcc/openstack/libopenstack.a(openstack.o) (openrandom_init)
build/OpenMote-CC2538_armgcc/openstack/libopenstack.a(packetfunctions.o)
                              build/OpenMote-CC2538_armgcc/openstack/libopenstack.a(neighbors.o) (packetfunctions_ip128bToMac64b)
build/OpenMote-CC2538_armgcc/openstack/libopenstack.a(IEEE802154.o)
                              build/OpenMote-CC2538_armgcc/openstack/libopenstack.a(IEEE802154E.o) (ieee802154_prependHeader)
build/OpenMote-CC2538_armgcc/openstack/libopenstack.a(topology.o)
                              build/OpenMote-CC2538_armgcc/openstack/libopenstack.a(IEEE802154.o) (topology_isAcceptablePacket)
build/OpenMote-CC2538_armgcc/openapps/libopenapps.a(openapps_dyn.o)
                              build/OpenMote-CC2538_armgcc/openstack/libopenstack.a(openstack.o) (openapps_init)
build/OpenMote-CC2538_armgcc/openapps/libopenapps.a(c6t.o)
                              build/OpenMote-CC2538_armgcc/openapps/libopenapps.a(openapps_dyn.o) (c6t_init)
build/OpenMote-CC2538_armgcc/openapps/libopenapps.a(cinfo.o)
                              build/OpenMote-CC2538_armgcc/openapps/libopenapps.a(openapps_dyn.o) (cinfo_init)
build/OpenMote-CC2538_armgcc/openapps/libopenapps.a(cleds.o)
                              build/OpenMote-CC2538_armgcc/openapps/libopenapps.a(openapps_dyn.o) (cleds__init)
[...]
Memory Configuration

Name             Origin             Length             Attributes
FLASH            0x0000000000200000 0x000000000007ffd4 xr
FLASH_CCA        0x000000000027ffd4 0x000000000000000c xr
SRAM             0x0000000020004000 0x0000000000004000 xrw
*default*        0x0000000000000000 0xffffffffffffffff

Linker script and memory map

LOAD build/OpenMote-CC2538_armgcc/projects/common/03oos_openwsn/03oos_openwsn.o
LOAD build/OpenMote-CC2538_armgcc/openstack/libopenstack.a
LOAD build/OpenMote-CC2538_armgcc/openapps/libopenapps.a
LOAD build/OpenMote-CC2538_armgcc/kernel/openos/libkernel.a
LOAD build/OpenMote-CC2538_armgcc/drivers/libdrivers.a
LOAD build/OpenMote-CC2538_armgcc/bsp/boards/libbsp.a
START GROUP
LOAD /usr/bin/../lib/gcc/arm-none-eabi/4.9.3/armv7-m/libgcc.a
LOAD /usr/bin/../lib/gcc/arm-none-eabi/4.9.3/../../../../arm-none-eabi/lib/armv7-m/libg.a
LOAD /usr/bin/../lib/gcc/arm-none-eabi/4.9.3/../../../../arm-none-eabi/lib/armv7-m/libc.a
END GROUP

.text           0x0000000000200000    0x17043
                0x0000000000200000                _text = .
 *(.vectors)
 .vectors       0x0000000000200000      0x28c build/OpenMote-CC2538_armgcc/bsp/boards/libbsp.a(startup_gcc.o)
                0x0000000000200000                gVectors
 *(.text*)
 .text          0x000000000020028c       0x24 build/OpenMote-CC2538_armgcc/projects/common/03oos_openwsn/03oos_openwsn.o
                0x000000000020028c                mote_main
 .text          0x00000000002002b0       0x6c build/OpenMote-CC2538_armgcc/openstack/libopenstack.a(openstack.o)
                0x00000000002002b0                openstack_init
 .text          0x000000000020031c     0x2440 build/OpenMote-CC2538_armgcc/openstack/libopenstack.a(IEEE802154E.o)
                0x000000000020031c                ieee154e_init
                0x00000000002003d4                ieee154e_asnDiff
                0x0000000000200480                isr_ieee154e_newSlot
                0x00000000002004e4                isr_ieee154e_timer
                0x00000000002005f8                ieee154e_startOfFrame
                0x00000000002006c0                ieee154e_endOfFrame
                0x0000000000200788                debugPrint_asn
                0x00000000002007c8                debugPrint_isSync
                0x00000000002007f4                debugPrint_macStats
                0x000000000020080c                activity_synchronize_newSlot
                0x00000000002008f4                activity_synchronize_startOfFrame
                0x000000000020092c                activity_synchronize_endOfFrame
                0x0000000000200bf4                ieee154e_processIEs
                0x0000000000200f10                activity_ti1ORri1
                0x0000000000201164                activity_ti2
                0x0000000000201210                activity_tie1
                0x0000000000201234                activity_ti3
                0x0000000000201258                activity_tie2
                0x000000000020127c                activity_ti4
                0x00000000002012b0                activity_tie3
                0x00000000002012d4                activity_ti5
                0x0000000000201370                activity_ti6
                0x00000000002013d0                activity_tie4
                0x00000000002013f4                activity_ti7
                0x0000000000201418                activity_tie5
                0x0000000000201470                activity_ti8
                0x00000000002014a4                activity_tie6
                0x00000000002014b0                activity_ti9
                0x00000000002016e8                activity_ri2
                0x0000000000201748                activity_rie1
                0x000000000020176c                activity_ri3
                0x0000000000201790                activity_rie2
                0x000000000020179c                activity_ri4
                0x00000000002017d8                activity_rie3
                0x00000000002017fc                activity_ri5
                0x0000000000201acc                activity_ri6
                0x0000000000201c84                activity_rie4
                0x0000000000201ca8                activity_ri7
                0x0000000000201ccc                activity_rie5
                0x0000000000201cf0                activity_ri8
                0x0000000000201d24                activity_rie6
                0x0000000000201d48                activity_ri9
                0x0000000000201dc8                isValidRxFrame
                0x0000000000201e38                isValidAck
                0x0000000000201eac                incrementAsnOffset
                0x0000000000201f5c                ieee154e_getAsn
                0x0000000000201fc4                ieee154e_getTimeCorrection
                0x0000000000201fe4                joinPriorityStoreFromEB
                0x0000000000202014                isValidJoin
                0x00000000002020b0                asnStoreFromEB
                0x0000000000202108                ieee154e_syncSlotOffset
                0x000000000020218c                ieee154e_setIsAckEnabled
                0x00000000002021ac                ieee154e_setSingleChannel
                0x00000000002021e8                ieee154e_setIsSecurityEnabled
                0x0000000000202208                ieee154e_setSlotDuration
                0x0000000000202228                ieee154e_getSlotDuration
                0x0000000000202240                timeslotTemplateIDStoreFromEB
                0x0000000000202260                channelhoppingTemplateIDStoreFromEB
                0x0000000000202280                synchronizePacket
                0x0000000000202324                synchronizeAck
                0x0000000000202390                changeIsSync
                0x00000000002023c4                notif_sendDone
                0x0000000000202404                notif_receive
                0x0000000000202440                resetStats
                0x00000000002024a0                updateStats
                0x00000000002024e8                calculateFrequency
                0x000000000020253c                changeState
                0x00000000002025e4                endSlot
                0x0000000000202744                ieee154e_isSynch
 .text          0x000000000020275c      0x430 build/OpenMote-CC2538_armgcc/openstack/libopenstack.a(adaptive_sync.o)
                0x000000000020275c                adaptive_sync_init
                0x000000000020278c                adaptive_sync_indicateTimeCorrection
                0x0000000000202928                adaptive_sync_calculateCompensatedSlots
                0x0000000000202a2c                adaptive_sync_countCompensationTimeout
                0x0000000000202aac                adaptive_sync_countCompensationTimeout_compoundSlots
                0x0000000000202b74                adaptive_sync_driftChanged
 .text          0x0000000000202b8c       0xa4 build/OpenMote-CC2538_armgcc/openstack/libopenstack.a(IEEE802154_dummy_security.o)
 .text          0x0000000000202c30      0xfb4 build/OpenMote-CC2538_armgcc/openstack/libopenstack.a(neighbors.o)
                0x0000000000202c30                neighbors_init
                0x0000000000202c68                neighbors_getMyDAGrank
                0x0000000000202c80                neighbors_getNumNeighbors
                0x0000000000202cc8                neighbors_getPreferredParentEui64
                0x0000000000202e1c                neighbors_getKANeighbor
                0x0000000000202ec0                neighbors_isStableNeighbor
                0x0000000000202f60                neighbors_isPreferredParent
                0x0000000000202fc0                neighbors_isNeighborWithLowerDAGrank
                0x0000000000203018                neighbors_isNeighborWithHigherDAGrank
                0x0000000000203070                neighbors_indicateRx
                0x0000000000203298                neighbors_indicateTx
                0x00000000002033fc                neighbors_indicateRxDIO
                0x0000000000203550                neighbors_getNeighbor
                0x00000000002035a8                neighbors_setMyDAGrank
                0x00000000002035c8                neighbors_updateMyDAGrankAndNeighborPreference
                0x0000000000203714                neighbors_removeOld
                0x0000000000203778                debugPrint_neighbors
                0x000000000020380c                registerNewNeighbor
                0x0000000000203a10                isNeighbor
                0x0000000000203a4c                removeNeighbor
                0x0000000000203b70                isThisRowMatching
 .text          0x0000000000203be4      0x7a0 build/OpenMote-CC2538_armgcc/openstack/libopenstack.a(processIE.o)
                0x0000000000203be4                processIE_prependMLMEIE
                0x0000000000203c2c                processIE_prepend_sixtopIE
                0x0000000000203c74                processIE_prependSyncIE
                0x0000000000203cd8                processIE_prependSlotframeLinkIE
                0x0000000000203de4                processIE_prependTSCHTimeslotIE
                0x0000000000203e94                processIE_prependChannelHoppingIE
                0x0000000000203efc                processIE_prepend_sixSubIEHeader
                0x0000000000203f40                processIE_prepend_sixGeneralMessage
                0x0000000000203fa0                processIE_prepend_sixSubID
                0x0000000000203fcc                processIE_prepend_sixCelllist
                0x00000000002040a0                processIE_retrieveSlotframeLinkIE
                0x000000000020428c                processIE_retrieve_sixCelllist
 .text          0x0000000000204384      0xadc build/OpenMote-CC2538_armgcc/openstack/libopenstack.a(schedule.o)
                0x0000000000204384                schedule_init
                0x0000000000204424                schedule_startDAGroot
                0x000000000020448c                debugPrint_schedule
                0x00000000002045d4                debugPrint_backoff
                0x0000000000204604                schedule_setFrameLength
                0x0000000000204638                schedule_setFrameHandle
                0x000000000020465c                schedule_setFrameNumber
                0x0000000000204680                schedule_getSlotInfo
                0x0000000000204708                schedule_getMaxActiveSlots
                0x0000000000204720                schedule_addActiveSlot
                0x0000000000204858                schedule_removeActiveSlot
                0x0000000000204948                schedule_isSlotOffsetAvailable
                0x0000000000204994                schedule_statistic_poorLinkQuality
                0x0000000000204a00                schedule_getCellsCounts
                0x0000000000204a74                schedule_removeAllCells
                0x0000000000204ad4                schedule_getCurrentScheduleEntry
                0x0000000000204aec                schedule_syncSlotOffset
                0x0000000000204b1c                schedule_advanceSlot
                0x0000000000204b3c                schedule_getNextActiveSlotOffset
                0x0000000000204b64                schedule_getFrameLength
                0x0000000000204b88                schedule_getFrameHandle
                0x0000000000204bac                schedule_getFrameNumber
                0x0000000000204bd0                schedule_getType
                0x0000000000204bf8                schedule_getNeighbor
                0x0000000000204c24                schedule_getChannelOffset
                0x0000000000204c4c                schedule_getOkToSend
                0x0000000000204cb0                schedule_resetBackoff
                0x0000000000204cd4                schedule_indicateRx
                0x0000000000204d10                schedule_indicateTx
                0x0000000000204dfc                schedule_resetEntry
 .text          0x0000000000204e60     0x173c build/OpenMote-CC2538_armgcc/openstack/libopenstack.a(sixtop.o)
                0x0000000000204e60                sixtop_init
                0x0000000000204ee0                sixtop_setKaPeriod
                0x0000000000204f10                sixtop_setEBPeriod
                0x0000000000204f40                sixtop_setHandler
                0x0000000000204f60                sixtop_request
                0x0000000000205124                sixtop_addORremoveCellByInfo
                0x0000000000205278                sixtop_maintaining
                0x00000000002052c8                sixtop_send
                0x0000000000205324                task_sixtopNotifSendDone
                0x0000000000205408                task_sixtopNotifReceive
                0x00000000002054ec                debugPrint_myDAGrank
                0x0000000000205514                debugPrint_kaPeriod
                0x000000000020553c                sixtop_setIsResponseEnabled
                0x000000000020555c                sixtop_send_internal
                0x00000000002055dc                sixtop_maintenance_timer_cb
                0x00000000002055f8                sixtop_timeout_timer_cb
                0x0000000000205614                timer_sixtop_management_fired
                0x000000000020568c                sixtop_sendEB
                0x00000000002057a0                sixtop_sendKA
                0x0000000000205850                timer_sixtop_six2six_timeout_fired
                0x0000000000205870                sixtop_six2six_sendDone
                0x0000000000205ae0                sixtop_processIEs
                0x0000000000205cf8                sixtop_notifyReceiveCommand
                0x00000000002060cc                sixtop_getCelllist
                0x0000000000206178                sixtop_candidateAddCellList
                0x0000000000206220                sixtop_candidateRemoveCellList
                0x00000000002062c8                sixtop_addCellsByState
                0x00000000002063bc                sixtop_removeCellsByState
                0x000000000020640c                sixtop_areAvailableCellsToBeScheduled
                0x00000000002064b8                sixtop_areAvailableCellsToBeRemoved
 .text          0x000000000020659c     0x1544 build/OpenMote-CC2538_armgcc/openstack/libopenstack.a(iphc.o)
                0x000000000020659c                iphc_init
                0x00000000002065a8                iphc_sendFromForwarding
                0x0000000000206850                iphc_sendFromBridge
                0x0000000000206890                iphc_sendDone
                0x00000000002068c8                iphc_receive
                0x000000000020698c                iphc_prependIPv6Header
                0x0000000000206d4c                iphc_retrieveIPv6Header
                0x00000000002071f0                iphc_retrieveIphcHeader
                0x0000000000207930                iphc_prependIPv6HopByHopHeader
                0x00000000002079e4                iphc_retrieveIPv6HopByHopHeader
 .text          0x0000000000207ae0      0x1a0 build/OpenMote-CC2538_armgcc/openstack/libopenstack.a(openbridge.o)
                0x0000000000207ae0                openbridge_init
                0x0000000000207aec                openbridge_triggerData
                0x0000000000207bec                openbridge_sendDone
                0x0000000000207c20                openbridge_receive
 .text          0x0000000000207c80      0xc98 build/OpenMote-CC2538_armgcc/openstack/libopenstack.a(forwarding.o)
                0x0000000000207c80                forwarding_init
                0x0000000000207c8c                forwarding_send
                0x0000000000207e80                forwarding_sendDone
                0x0000000000207efc                forwarding_receive
                0x0000000000208098                forwarding_getNextHop
                0x00000000002080fc                forwarding_send_internal_RoutingTable
                0x0000000000208174                forwarding_send_internal_SourceRouting
                0x000000000020889c                forwarding_createRplOption
 .text          0x0000000000208918       0xe8 build/OpenMote-CC2538_armgcc/openstack/libopenstack.a(icmpv6.o)
                0x0000000000208918                icmpv6_init
                0x0000000000208924                icmpv6_send
                0x0000000000208948                icmpv6_sendDone
                0x00000000002089a4                icmpv6_receive
 .text          0x0000000000208a00      0x288 build/OpenMote-CC2538_armgcc/openstack/libopenstack.a(icmpv6echo.o)
                0x0000000000208a00                icmpv6echo_init
                0x0000000000208a1c                icmpv6echo_trigger
                0x0000000000208b38                icmpv6echo_sendDone
                0x0000000000208b74                icmpv6echo_receive
 .text          0x0000000000208c88      0x7a4 build/OpenMote-CC2538_armgcc/openstack/libopenstack.a(icmpv6rpl.o)
                0x0000000000208c88                icmpv6rpl_init
                0x0000000000208e14                icmpv6rpl_writeDODAGid
                0x0000000000208e48                icmpv6rpl_getRPLIntanceID
                0x0000000000208e60                icmpv6rpl_getRPLDODAGid
                0x0000000000208e8c                icmpv6rpl_sendDone
                0x0000000000208ec8                icmpv6rpl_receive
                0x0000000000208f8c                icmpv6rpl_timer_DIO_cb
                0x0000000000208fa8                icmpv6rpl_timer_DIO_task
                0x0000000000208fe0                sendDIO
                0x0000000000209128                icmpv6rpl_timer_DAO_cb
                0x0000000000209144                icmpv6rpl_timer_DAO_task
                0x000000000020917c                sendDAO
                0x00000000002093b4                icmpv6rpl_setDIOPeriod
                0x00000000002093f0                icmpv6rpl_setDAOPeriod
 .text          0x000000000020942c      0x810 build/OpenMote-CC2538_armgcc/openstack/libopenstack.a(opencoap.o)
                0x000000000020942c                opencoap_init
                0x0000000000209448                opencoap_receive
                0x0000000000209970                opencoap_sendDone
                0x00000000002099e4                opencoap_writeLinks
                0x0000000000209ad4                opencoap_register
                0x0000000000209b1c                opencoap_send
 .text          0x0000000000209c3c     0x1060 build/OpenMote-CC2538_armgcc/openstack/libopenstack.a(opentcp.o)
                0x0000000000209c3c                opentcp_init
                0x0000000000209c54                opentcp_connect
                0x0000000000209d24                opentcp_send
                0x0000000000209df8                opentcp_sendDone
                0x0000000000209fd0                opentcp_receive
                0x000000000020a8b0                opentcp_close
                0x000000000020a964                tcp_debugPrint
                0x000000000020a974                timers_tcp_fired
                0x000000000020a980                prependTCPHeader
                0x000000000020aabc                containsControlBits
                0x000000000020abd4                opentcp_reset
                0x000000000020ac10                tcp_change_state
                0x000000000020ac80                opentcp_timer_cb
 .text          0x000000000020ac9c      0x320 build/OpenMote-CC2538_armgcc/openstack/libopenstack.a(openudp.o)
                0x000000000020ac9c                openudp_init
                0x000000000020aca8                openudp_send
                0x000000000020ad28                openudp_sendDone
                0x000000000020adb0                openudp_receive
                0x000000000020afac                openudp_debugPrint
 .text          0x000000000020afbc      0x400 build/OpenMote-CC2538_armgcc/openstack/libopenstack.a(idmanager.o)
                0x000000000020afbc                idmanager_init
                0x000000000020b020                idmanager_getIsDAGroot
                0x000000000020b044                idmanager_setIsDAGroot
                0x000000000020b070                idmanager_getMyID
                0x000000000020b0ec                idmanager_setMyID
                0x000000000020b1b8                idmanager_isMyAddress
                0x000000000020b2a8                idmanager_triggerAboutRoot
                0x000000000020b364                debugPrint_id
 .text          0x000000000020b3bc      0x560 build/OpenMote-CC2538_armgcc/openstack/libopenstack.a(openqueue.o)
                0x000000000020b3bc                openqueue_init
                0x000000000020b3f4                debugPrint_queue
                0x000000000020b464                openqueue_getFreePacketBuffer
                0x000000000020b500                openqueue_freePacketBuffer
                0x000000000020b58c                openqueue_removeAllCreatedBy
                0x000000000020b5e4                openqueue_removeAllOwnedBy
                0x000000000020b63c                openqueue_sixtopGetSentPacket
                0x000000000020b6a8                openqueue_sixtopGetReceivedPacket
                0x000000000020b714                openqueue_macGetDataPacket
                0x000000000020b820                openqueue_macGetEBPacket
                0x000000000020b8a8                openqueue_reset_entry
 .text          0x000000000020b91c       0xb8 build/OpenMote-CC2538_armgcc/openstack/libopenstack.a(openrandom.o)
                0x000000000020b91c                openrandom_init
                0x000000000020b960                openrandom_get16b
 .text          0x000000000020b9d4      0xa78 build/OpenMote-CC2538_armgcc/openstack/libopenstack.a(packetfunctions.o)
                0x000000000020b9d4                packetfunctions_ip128bToMac64b
                0x000000000020ba38                packetfunctions_mac64bToIp128b
                0x000000000020baa0                packetfunctions_mac64bToMac16b
                0x000000000020bae8                packetfunctions_mac16bToMac64b
                0x000000000020bb54                packetfunctions_isBroadcastMulticast
                0x000000000020bbd4                packetfunctions_isAllRoutersMulticast
                0x000000000020bc78                packetfunctions_isAllHostsMulticast
                0x000000000020bd1c                packetfunctions_sameAddress
                0x000000000020bdb0                packetfunctions_readAddress
                0x000000000020be5c                packetfunctions_writeAddress
                0x000000000020bf10                packetfunctions_reserveHeaderSize
                0x000000000020bf5c                packetfunctions_tossHeader
                0x000000000020bfa8                packetfunctions_reserveFooterSize
                0x000000000020bfe4                packetfunctions_tossFooter
                0x000000000020c01c                packetfunctions_duplicatePacket
                0x000000000020c0c0                packetfunctions_calculateCRC
                0x000000000020c15c                packetfunctions_checkCRC
                0x000000000020c20c                packetfunctions_calculateChecksum
                0x000000000020c2e4                onesComplementSum
                0x000000000020c374                packetfunctions_htons
                0x000000000020c3a0                packetfunctions_ntohs
                0x000000000020c3cc                packetfunctions_htonl
                0x000000000020c414                packetfunctions_ntohl
 .text          0x000000000020c44c      0x6e4 build/OpenMote-CC2538_armgcc/openstack/libopenstack.a(IEEE802154.o)
                0x000000000020c44c                ieee802154_prependHeader
                0x000000000020c69c                ieee802154_retrieveHeader
 .text          0x000000000020cb30       0x18 build/OpenMote-CC2538_armgcc/openstack/libopenstack.a(topology.o)
                0x000000000020cb30                topology_isAcceptablePacket
 .text          0x000000000020cb48       0x24 build/OpenMote-CC2538_armgcc/openapps/libopenapps.a(openapps_dyn.o)
                0x000000000020cb48                openapps_init
 .text          0x000000000020cb6c      0x15c build/OpenMote-CC2538_armgcc/openapps/libopenapps.a(c6t.o)
                0x000000000020cb6c                c6t_init
                0x000000000020cbc4                c6t_receive
                0x000000000020ccb0                c6t_sendDone
 .text          0x000000000020ccc8      0x188 build/OpenMote-CC2538_armgcc/openapps/libopenapps.a(cinfo.o)
                0x000000000020ccc8                cinfo_init
                0x000000000020cd20                cinfo_receive
                0x000000000020ce38                cinfo_sendDone
 .text          0x000000000020ce50      0x11c build/OpenMote-CC2538_armgcc/openapps/libopenapps.a(cleds.o)
                0x000000000020ce50                cleds__init
                0x000000000020ce9c                cleds_receive
                0x000000000020cf54                cleds_sendDone
 .text          0x000000000020cf6c       0xe8 build/OpenMote-CC2538_armgcc/openapps/libopenapps.a(cwellknown.o)
                0x000000000020cf6c                cwellknown_init
                0x000000000020cfc8                cwellknown_receive
                0x000000000020d03c                cwellknown_sendDone
 .text          0x000000000020d054      0x3f0 build/OpenMote-CC2538_armgcc/openapps/libopenapps.a(rrt.o)
                0x000000000020d054                rrt_init
                0x000000000020d0b4                rrt_receive
                0x000000000020d218                rrt_setGETRespMsg
                0x000000000020d318                rrt_sendCoAPMsg
                0x000000000020d42c                rrt_sendDone
 .text          0x000000000020d444       0xc0 build/OpenMote-CC2538_armgcc/openapps/libopenapps.a(techo.o)
                0x000000000020d444                techo_init
                0x000000000020d450                techo_shouldIlisten
                0x000000000020d460                techo_receive
                0x000000000020d4a8                techo_sendDone
                0x000000000020d4e0                techo_connectDone
                0x000000000020d4f4                techo_debugPrint
 .text          0x000000000020d504       0xe0 build/OpenMote-CC2538_armgcc/openapps/libopenapps.a(uecho.o)
                0x000000000020d504                uecho_init
                0x000000000020d510                uecho_receive
                0x000000000020d5bc                uecho_sendDone
                0x000000000020d5d4                uecho_debugPrint
 .text          0x000000000020d5e4      0x144 build/OpenMote-CC2538_armgcc/openapps/libopenapps.a(uinject.o)
                0x000000000020d5e4                uinject_init
                0x000000000020d614                uinject_sendDone
                0x000000000020d62c                uinject_receive
                0x000000000020d64c                uinject_timer_cb
                0x000000000020d668                uinject_task_cb
 .text          0x000000000020d728      0x130 build/OpenMote-CC2538_armgcc/kernel/openos/libkernel.a(scheduler.o)
                0x000000000020d728                scheduler_init
                0x000000000020d74c                scheduler_start
                0x000000000020d7a4                scheduler_push_task
 .text          0x000000000020d858      0xd68 build/OpenMote-CC2538_armgcc/drivers/libdrivers.a(openserial.o)
                0x000000000020d858                openserial_init
                0x000000000020d90c                openserial_printStatus
                0x000000000020d994                openserial_printInfoErrorCritical
                0x000000000020da40                openserial_printData
                0x000000000020daec                openserial_printPacket
                0x000000000020db74                openserial_printInfo
                0x000000000020dbb0                openserial_printError
                0x000000000020dbf0                openserial_printCritical
                0x000000000020dc40                openserial_board_reset_cb
                0x000000000020dc54                openserial_getNumDataBytes
                0x000000000020dc7c                openserial_getInputBuffer
                0x000000000020dce0                openserial_startInput
                0x000000000020dd4c                openserial_startOutput
                0x000000000020dea8                openserial_stop
                0x000000000020dfbc                openserial_goldenImageCommands
                0x000000000020e23c                debugPrint_outBufferIndexes
                0x000000000020e278                outputHdlcOpen
                0x000000000020e2b0                outputHdlcWrite
                0x000000000020e32c                outputHdlcClose
                0x000000000020e37c                inputHdlcOpen
                0x000000000020e39c                inputHdlcWrite
                0x000000000020e404                inputHdlcClose
                0x000000000020e434                isr_openserial_tx
                0x000000000020e4bc                isr_openserial_rx
                0x000000000020e590                openserial_echo
 .text          0x000000000020e5c0      0x940 build/OpenMote-CC2538_armgcc/drivers/libdrivers.a(opentimers.o)
                0x000000000020e5c0                opentimers_init
                0x000000000020e668                opentimers_start
                0x000000000020e874                opentimers_setPeriod
                0x000000000020e980                opentimers_stop
                0x000000000020e9ac                opentimers_restart
                0x000000000020e9d8                opentimers_timer_callback
                0x000000000020ec88                opentimers_sleepTimeCompesation
 .text          0x000000000020ef00       0x38 build/OpenMote-CC2538_armgcc/drivers/libdrivers.a(openhdlc.o)
                0x000000000020ef00                crcIteration
 .text          0x000000000020ef38      0x3d0 build/OpenMote-CC2538_armgcc/bsp/boards/libbsp.a(board.o)
                0x000000000020ef38                main
                0x000000000020ef48                board_init
                0x000000000020ef88                board_sleep
                0x000000000020ef98                board_timer_init
                0x000000000020efb4                board_timer_get
                0x000000000020efd8                board_timer_expired
                0x000000000020f010                board_reset
                0x000000000020f01c                antenna_init
                0x000000000020f04c                antenna_external
                0x000000000020f06c                antenna_internal
 .text          0x000000000020f308      0x128 build/OpenMote-CC2538_armgcc/bsp/boards/libbsp.a(bsp_timer.o)
                0x000000000020f308                bsp_timer_init
                0x000000000020f328                bsp_timer_set_callback
                0x000000000020f344                bsp_timer_reset
                0x000000000020f360                bsp_timer_scheduleIn
                0x000000000020f3e8                bsp_timer_cancel_schedule
                0x000000000020f3f4                bsp_timer_get_currentValue
                0x000000000020f404                bsp_timer_isr_private
                0x000000000020f41c                bsp_timer_isr
 .text          0x000000000020f430      0x248 build/OpenMote-CC2538_armgcc/bsp/boards/libbsp.a(cc2538_crypto_engine.o)
 .text          0x000000000020f678      0x1d4 build/OpenMote-CC2538_armgcc/bsp/boards/libbsp.a(debugpins.o)
                0x000000000020f678                debugpins_init
                0x000000000020f6ac                debugpins_frame_toggle
                0x000000000020f6c0                debugpins_frame_clr
                0x000000000020f6d4                debugpins_frame_set
                0x000000000020f6e8                debugpins_slot_toggle
                0x000000000020f6fc                debugpins_slot_clr
                0x000000000020f710                debugpins_slot_set
                0x000000000020f724                debugpins_fsm_toggle
                0x000000000020f738                debugpins_fsm_clr
                0x000000000020f74c                debugpins_fsm_set
                0x000000000020f760                debugpins_task_toggle
                0x000000000020f774                debugpins_task_clr
                0x000000000020f788                debugpins_task_set
                0x000000000020f79c                debugpins_isr_toggle
                0x000000000020f7b0                debugpins_isr_clr
                0x000000000020f7c4                debugpins_isr_set
                0x000000000020f7d8                debugpins_radio_toggle
                0x000000000020f7ec                debugpins_radio_clr
                0x000000000020f800                debugpins_radio_set
                0x000000000020f814                bspDBpinToggle
 .text          0x000000000020f84c       0x58 build/OpenMote-CC2538_armgcc/bsp/boards/libbsp.a(eui64.o)
                0x000000000020f84c                eui64_get
 .text          0x000000000020f8a4      0x294 build/OpenMote-CC2538_armgcc/bsp/boards/libbsp.a(i2c.o)
                0x000000000020f8a4                i2c_init
                0x000000000020f92c                i2c_read_byte
                0x000000000020f990                i2c_read_bytes
                0x000000000020fa1c                i2c_write_byte
                0x000000000020fa80                i2c_write_bytes
 .text          0x000000000020fb38      0x264 build/OpenMote-CC2538_armgcc/bsp/boards/libbsp.a(leds.o)
                0x000000000020fb38                leds_init
                0x000000000020fb54                leds_error_on
                0x000000000020fb60                leds_error_off
                0x000000000020fb6c                leds_error_toggle
                0x000000000020fb78                leds_error_isOn
                0x000000000020fba0                leds_sync_on
                0x000000000020fbac                leds_sync_off
                0x000000000020fbb8                leds_sync_toggle
                0x000000000020fbc4                leds_sync_isOn
                0x000000000020fbec                leds_radio_on
                0x000000000020fbf8                leds_radio_off
                0x000000000020fc04                leds_radio_toggle
                0x000000000020fc10                leds_radio_isOn
                0x000000000020fc34                leds_debug_on
                0x000000000020fc40                leds_debug_off
                0x000000000020fc4c                leds_debug_toggle
                0x000000000020fc58                leds_debug_isOn
                0x000000000020fc80                leds_all_on
                0x000000000020fc8c                leds_all_off
                0x000000000020fc98                leds_all_toggle
                0x000000000020fca4                leds_error_blink
                0x000000000020fd04                leds_circular_shift
                0x000000000020fd10                leds_increment
                0x000000000020fd1c                bspLedSet
                0x000000000020fd40                bspLedClear
                0x000000000020fd60                bspLedToggle
 .text          0x000000000020fd9c      0x680 build/OpenMote-CC2538_armgcc/bsp/boards/libbsp.a(radio.o)
                0x000000000020fd9c                radio_init
                0x000000000020fee4                radio_setOverflowCb
                0x000000000020fef8                radio_setCompareCb
                0x000000000020ff0c                radio_setStartFrameCb
                0x000000000020ff28                radio_setEndFrameCb
                0x000000000020ff44                radio_reset
                0x000000000020ff90                radio_startTimer
                0x000000000020ffa4                radio_getTimerValue
                0x000000000020ffb4                radio_setTimerPeriod
                0x000000000020ffc8                radio_getTimerPeriod
                0x000000000020ffd8                radio_setFrequency
                0x0000000000210020                radio_rfOn
                0x000000000021002c                radio_rfOff
                0x0000000000210054                radio_loadPacket
                0x00000000002100cc                radio_txEnable
                0x00000000002100ec                radio_txNow
                0x000000000021013c                radio_rxEnable
                0x000000000021015c                radio_rxNow
                0x0000000000210190                radio_getReceivedFrame
                0x000000000021025c                enable_radio_interrupts
                0x0000000000210288                disable_radio_interrupts
                0x00000000002102a8                radio_on
                0x00000000002102c0                radio_off
                0x0000000000210300                radio_isr
                0x0000000000210310                radio_isr_internal
                0x00000000002103e8                radio_error_isr
 .text          0x000000000021041c      0x3e8 build/OpenMote-CC2538_armgcc/bsp/boards/libbsp.a(radiotimer.o)
                0x000000000021041c                radiotimer_init
                0x0000000000210430                radiotimer_setOverflowCb
                0x000000000021044c                radiotimer_setCompareCb
                0x0000000000210468                radiotimer_setStartFrameCb
                0x0000000000210474                radiotimer_setEndFrameCb
                0x0000000000210480                radiotimer_start
                0x0000000000210548                radiotimer_getValue
                0x0000000000210594                radiotimer_setPeriod
                0x00000000002105dc                radiotimer_getPeriod
                0x0000000000210628                radiotimer_schedule
                0x000000000021068c                radiotimer_cancel
                0x00000000002106dc                radiotimer_getCapturedTime
                0x0000000000210728                get_real_counter
                0x0000000000210768                radiotimer_isr_private
                0x000000000021077c                radiotimer_isr
 .text          0x0000000000210804      0x184 build/OpenMote-CC2538_armgcc/bsp/boards/libbsp.a(sensors.o)
                0x0000000000210804                sensors_init
                0x0000000000210870                sensors_is_present
                0x000000000021089c                sensors_getCallbackRead
                0x0000000000210918                sensors_getCallbackConvert
 .text          0x0000000000210988       0x88 build/OpenMote-CC2538_armgcc/bsp/boards/libbsp.a(startup_gcc.o)
                0x0000000000210988                NmiSR
                0x0000000000210994                FaultISR
                0x000000000021099c                IntDefaultHandler
                0x00000000002109a4                ResetISR
 .text          0x0000000000210a10      0x1dc build/OpenMote-CC2538_armgcc/bsp/boards/libbsp.a(uart.o)
                0x0000000000210a10                uart_init
                0x0000000000210aa8                uart_setCallbacks
                0x0000000000210acc                uart_enableInterrupts
                0x0000000000210ae0                uart_disableInterrupts
                0x0000000000210af4                uart_clearRxInterrupts
                0x0000000000210b08                uart_clearTxInterrupts
                0x0000000000210b1c                uart_writeByte
                0x0000000000210b3c                uart_readByte
                0x0000000000210bac                uart_tx_isr
                0x0000000000210bcc                uart_rx_isr
 .text          0x0000000000210bec      0x364 build/OpenMote-CC2538_armgcc/bsp/boards/libbsp.a(aes.o)
                0x0000000000210bec                AESLoadKey
                0x0000000000210d6c                AESECBStart
                0x0000000000210e74                AESECBCheckResult
                0x0000000000210ebc                AESECBGetResult
 .text          0x0000000000210f50      0x718 build/OpenMote-CC2538_armgcc/bsp/boards/libbsp.a(ccm.o)
                0x0000000000210f50                CCMAuthEncryptStart
                0x0000000000211178                CCMAuthEncryptCheckResult
                0x00000000002111c0                CCMAuthEncryptGetResult
                0x00000000002112d4                CCMInvAuthDecryptStart
                0x00000000002114f0                CCMInvAuthDecryptCheckResult
                0x0000000000211500                CCMInvAuthDecryptGetResult
 .text          0x0000000000211668      0x220 build/OpenMote-CC2538_armgcc/bsp/boards/libbsp.a(flash.o)
                0x0000000000211668                FlashMainPageErase
                0x0000000000211698                FlashUpperPageErase
                0x00000000002116d4                FlashMainPageProgram
                0x0000000000211708                FlashUpperPageProgram
                0x000000000021174c                FlashGet
                0x0000000000211764                FlashCacheModeGet
                0x0000000000211780                FlashCacheModeSet
                0x00000000002117c4                FlashSizeGet
                0x0000000000211838                FlashSramSizeGet
 .text          0x0000000000211888      0x838 build/OpenMote-CC2538_armgcc/bsp/boards/libbsp.a(gpio.o)
                0x0000000000211888                GPIOGetIntNumber
                0x00000000002118f0                GPIODirModeSet
                0x0000000000211968                GPIODirModeGet
                0x00000000002119c4                GPIOIntTypeSet
                0x0000000000211a6c                GPIOIntTypeGet
                0x0000000000211ae4                GPIOPinIntEnable
                0x0000000000211b10                GPIOPinIntDisable
                0x0000000000211b40                GPIOPinIntStatus
                0x0000000000211b70                GPIOPinIntClear
                0x0000000000211b94                GPIOPortIntRegister
                0x0000000000211bbc                GPIOPortIntUnregister
                0x0000000000211be0                GPIOPinRead
                0x0000000000211c04                GPIOPinWrite
                0x0000000000211c30                GPIOPinTypeGPIOInput
                0x0000000000211c5c                GPIOPinTypeGPIOOutput
                0x0000000000211c88                GPIOPinTypeI2C
                0x0000000000211cb4                GPIOPinTypeSSI
                0x0000000000211ce0                GPIOPinTypeTimer
                0x0000000000211d0c                GPIOPinTypeUARTInput
                0x0000000000211d38                GPIOPinTypeUARTOutput
                0x0000000000211d64                GPIOPowIntTypeSet
                0x0000000000211e00                GPIOPowIntTypeGet
                0x0000000000211e80                GPIOPowIntEnable
                0x0000000000211efc                GPIOPowIntDisable
                0x0000000000211f78                GPIOPowIntStatus
                0x0000000000211ffc                GPIOPowIntClear
                0x0000000000212078                GPIOIntWakeupEnable
                0x000000000021209c                GPIOIntWakeupDisable
 .text          0x00000000002120c0      0x5c4 build/OpenMote-CC2538_armgcc/bsp/boards/libbsp.a(gptimer.o)
                0x00000000002120c0                TimerEnable
                0x00000000002120ec                TimerDisable
                0x000000000021211c                TimerConfigure
                0x0000000000212170                TimerControlLevel
                0x00000000002121b8                TimerControlTrigger
                0x0000000000212200                TimerControlEvent
                0x000000000021223c                TimerControlStall
                0x0000000000212284                TimerControlWaitOnTrigger
                0x0000000000212308                TimerPrescaleSet
                0x0000000000212344                TimerPrescaleGet
                0x0000000000212370                TimerPrescaleMatchSet
                0x00000000002123ac                TimerPrescaleMatchGet
                0x00000000002123d8                TimerLoadSet
                0x0000000000212414                TimerLoadGet
                0x0000000000212440                TimerValueGet
                0x000000000021246c                TimerMatchSet
                0x00000000002124a8                TimerMatchGet
                0x00000000002124d4                TimerIntRegister
                0x0000000000212550                TimerIntUnregister
                0x00000000002125c8                TimerIntEnable
                0x00000000002125f0                TimerIntDisable
                0x0000000000212618                TimerIntStatus
                0x0000000000212644                TimerIntClear
                0x0000000000212664                TimerSynchronize
 .text          0x0000000000212684      0x448 build/OpenMote-CC2538_armgcc/bsp/boards/libbsp.a(i2c_lib.o)
                0x0000000000212684                I2CMasterInitExpClk
                0x00000000002126e0                I2CSlaveInit
                0x0000000000212700                I2CMasterEnable
                0x000000000021271c                I2CSlaveEnable
                0x0000000000212744                I2CMasterDisable
                0x0000000000212760                I2CSlaveDisable
                0x0000000000212788                I2CIntRegister
                0x00000000002127a4                I2CIntUnregister
                0x00000000002127b8                I2CMasterIntEnable
                0x00000000002127d0                I2CSlaveIntEnable
                0x00000000002127ec                I2CSlaveIntEnableEx
                0x0000000000212810                I2CMasterIntDisable
                0x0000000000212828                I2CSlaveIntDisable
                0x0000000000212844                I2CSlaveIntDisableEx
                0x0000000000212868                I2CMasterIntStatus
                0x00000000002128ac                I2CSlaveIntStatus
                0x00000000002128f0                I2CSlaveIntStatusEx
                0x0000000000212920                I2CMasterIntClear
                0x0000000000212940                I2CSlaveIntClear
                0x0000000000212958                I2CSlaveIntClearEx
                0x0000000000212974                I2CMasterSlaveAddrSet
                0x00000000002129a0                I2CMasterBusy
                0x00000000002129c4                I2CMasterBusBusy
                0x00000000002129e8                I2CMasterControl
                0x0000000000212a04                I2CMasterErr
                0x0000000000212a44                I2CMasterDataPut
                0x0000000000212a64                I2CMasterDataGet
                0x0000000000212a7c                I2CSlaveStatus
                0x0000000000212a94                I2CSlaveDataPut
                0x0000000000212ab4                I2CSlaveDataGet
 .text          0x0000000000212acc      0x458 build/OpenMote-CC2538_armgcc/bsp/boards/libbsp.a(interrupt.o)
                0x0000000000212ad4                IntMasterEnable
                0x0000000000212aec                IntMasterDisable
                0x0000000000212b04                IntRegister
                0x0000000000212b68                IntUnregister
                0x0000000000212b8c                IntPriorityGroupingSet
                0x0000000000212bbc                IntPriorityGroupingGet
                0x0000000000212c04                IntPrioritySet
                0x0000000000212c68                IntPriorityGet
                0x0000000000212c98                IntEnable
                0x0000000000212d2c                IntDisable
                0x0000000000212dc0                IntPendSet
                0x0000000000212e3c                IntPendClear
                0x0000000000212ea4                IntPriorityMaskSet
                0x0000000000212eb8                IntPriorityMaskGet
                0x0000000000212ec8                IntAltMapEnable
                0x0000000000212ee4                IntAltMapDisable
                0x0000000000212f00                IntAltMapIsEnabled
 .text          0x0000000000212f24      0x56c build/OpenMote-CC2538_armgcc/bsp/boards/libbsp.a(ioc.o)
                0x0000000000212f24                IOCPinConfigPeriphOutput
                0x0000000000212fec                IOCPinConfigPeriphInput
                0x0000000000213198                IOCPadConfigSet
                0x0000000000213264                IOCPadConfigGet
 .text          0x0000000000213490      0x1b4 build/OpenMote-CC2538_armgcc/bsp/boards/libbsp.a(sleepmode.o)
                0x0000000000213490                SleepModeIntRegister
                0x00000000002134ac                SleepModeIntUnregister
                0x00000000002134c0                SleepModeTimerCountGet
                0x0000000000213510                SleepModeCaptureConfig
                0x0000000000213548                SleepModeTimerCompareSet
                0x00000000002135a0                SleepModeCaptureGet
                0x00000000002135f0                SleepModeCaptureIsValid
                0x000000000021361c                SleepModeCaptureNew
 .text          0x0000000000213644      0x668 build/OpenMote-CC2538_armgcc/bsp/boards/libbsp.a(sys_ctrl.o)
                0x0000000000213644                SysCtrlClockSet
                0x0000000000213700                SysCtrlClockGet
                0x00000000002137a8                SysCtrlIOClockSet
                0x00000000002137dc                SysCtrlIOClockGet
                0x0000000000213888                SysCtrlDelay
                0x0000000000213890                SysCtrlReset
                0x00000000002138a0                SysCtrlSleep
                0x00000000002138ac                SysCtrlDeepSleep
                0x0000000000213988                SysCtrlPeripheralPresent
                0x0000000000213a04                SysCtrlPeripheralReset
                0x0000000000213a90                SysCtrlPeripheralEnable
                0x0000000000213ad8                SysCtrlPeripheralDisable
                0x0000000000213b20                SysCtrlPeripheralSleepEnable
                0x0000000000213b68                SysCtrlPeripheralSleepDisable
                0x0000000000213bb0                SysCtrlPeripheralDeepSleepEnable
                0x0000000000213bf8                SysCtrlPeripheralDeepSleepDisable
                0x0000000000213c40                SysCtrlPowerModeSet
                0x0000000000213c5c                SysCtrlPowerModeGet
                0x0000000000213c84                SysCtrlClockLossDetectEnable
 .text          0x0000000000213cac      0x724 build/OpenMote-CC2538_armgcc/bsp/boards/libbsp.a(uarthal.o)
                0x0000000000213cac                UARTParityModeSet
                0x0000000000213cd8                UARTParityModeGet
                0x0000000000213cf8                UARTFIFOLevelSet
                0x0000000000213d1c                UARTFIFOLevelGet
                0x0000000000213d50                UARTConfigSetExpClk
                0x0000000000213de0                UARTConfigGetExpClk
                0x0000000000213e44                UARTEnable
                0x0000000000213e80                UARTDisable
                0x0000000000213ecc                UARTFIFOEnable
                0x0000000000213ef0                UARTFIFODisable
                0x0000000000213f14                UARTEnableSIR
                0x0000000000213f58                UARTDisableSIR
                0x0000000000213f7c                UARTTxIntModeSet
                0x0000000000213fa8                UARTTxIntModeGet
                0x0000000000213fc8                UARTCharsAvail
                0x0000000000213ff0                UARTSpaceAvail
                0x0000000000214018                UARTCharGetNonBlocking
                0x0000000000214044                UARTCharGet
                0x000000000021406c                UARTCharPutNonBlocking
                0x00000000002140a0                UARTCharPut
                0x00000000002140cc                UARTBreakCtl
                0x0000000000214108                UARTBusy
                0x0000000000214130                UARTIntRegister
                0x0000000000214164                UARTIntUnregister
                0x0000000000214194                UARTIntEnable
                0x00000000002141bc                UARTIntDisable
                0x00000000002141e4                UARTIntStatus
                0x0000000000214210                UARTIntClear
                0x0000000000214230                UARTDMAEnable
                0x0000000000214258                UARTDMADisable
                0x0000000000214280                UARTRxErrorGet
                0x00000000002142a0                UARTRxErrorClear
                0x00000000002142bc                UARTClockSourceSet
                0x00000000002142dc                UARTClockSourceGet
                0x00000000002142f8                UART9BitEnable
                0x000000000021431c                UART9BitDisable
                0x0000000000214340                UART9BitAddrSet
                0x0000000000214370                UART9BitAddrSend
 .text          0x00000000002143d0      0x190 build/OpenMote-CC2538_armgcc/bsp/boards/libbsp.a(adxl346.o)
                0x00000000002143d0                adxl346_init
                0x0000000000214418                adxl346_reset
                0x0000000000214424                adxl346_is_present
                0x0000000000214450                adxl346_read_x
                0x0000000000214498                adxl346_read_y
                0x00000000002144e0                adxl346_read_z
                0x0000000000214528                adxl346_convert_acceleration
 .text          0x0000000000214560      0x1cc build/OpenMote-CC2538_armgcc/bsp/boards/libbsp.a(max44009.o)
                0x0000000000214560                max44009_init
                0x00000000002145cc                max44009_reset
                0x0000000000214638                max44009_is_present
                0x000000000021466c                max44009_read_light
                0x00000000002146d0                max44009_convert_light
 *fill*         0x000000000021472c        0x4 00000000
 .text          0x0000000000214730      0x24c build/OpenMote-CC2538_armgcc/bsp/boards/libbsp.a(sht21.o)
                0x0000000000214730                sht21_init
                0x000000000021477c                sht21_reset
                0x000000000021478c                sht21_is_present
                0x00000000002147d0                sht21_read_temperature
                0x000000000021480c                sht21_convert_temperature
                0x0000000000214888                sht21_read_humidity
                0x00000000002148c4                sht21_convert_humidity
 .text          0x000000000021497c       0x84 build/OpenMote-CC2538_armgcc/bsp/boards/libbsp.a(aes_cbc.o)
                0x000000000021497c                aes_cbc_enc_raw
 .text          0x0000000000214a00       0xfc build/OpenMote-CC2538_armgcc/bsp/boards/libbsp.a(aes_ctr.o)
                0x0000000000214a44                aes_ctr_enc_raw
 *fill*         0x0000000000214afc        0x4 00000000
 .text          0x0000000000214b00       0xf0 build/OpenMote-CC2538_armgcc/bsp/boards/libbsp.a(adc_sensor.o)
                0x0000000000214b00                adc_sensor_init
                0x0000000000214b2c                adc_sens_read_temperature
                0x0000000000214b60                adc_sens_convert_temperature
 .text          0x0000000000214bf0       0xf4 build/OpenMote-CC2538_armgcc/bsp/boards/libbsp.a(adc.o)
                0x0000000000214bf0                SOCADCIntRegister
                0x0000000000214c0c                SOCADCIntUnregister
                0x0000000000214c20                SOCADCSingleConfigure
                0x0000000000214c5c                SOCADCSingleStart
                0x0000000000214c88                SOCADCDataGet
                0x0000000000214cc0                SOCADCEndOfCOnversionGet
 .text          0x0000000000214ce4       0x4c build/OpenMote-CC2538_armgcc/bsp/boards/libbsp.a(cpu.o)
                0x0000000000214ce4                CPUcpsid
                0x0000000000214cf4                CPUprimask
                0x0000000000214d00                CPUcpsie
                0x0000000000214d10                CPUwfi
                0x0000000000214d14                CPUwfe
                0x0000000000214d18                CPUsev
                0x0000000000214d1c                CPUbasepriSet
                0x0000000000214d24                CPUbasepriGet
 .text          0x0000000000214d30      0x370 /usr/bin/../lib/gcc/arm-none-eabi/4.9.3/armv7-m/libgcc.a(_arm_addsubdf3.o)
                0x0000000000214d30                __aeabi_drsub
                0x0000000000214d38                __aeabi_dsub
                0x0000000000214d38                __subdf3
                0x0000000000214d3c                __adddf3
                0x0000000000214d3c                __aeabi_dadd
                0x0000000000214fb4                __aeabi_ui2d
                0x0000000000214fb4                __floatunsidf
                0x0000000000214fd4                __floatsidf
                0x0000000000214fd4                __aeabi_i2d
                0x0000000000214ff8                __extendsfdf2
                0x0000000000214ff8                __aeabi_f2d
                0x0000000000215034                __aeabi_ul2d
                0x0000000000215034                __floatundidf
                0x0000000000215044                __floatdidf
                0x0000000000215044                __aeabi_l2d
 .text          0x00000000002150a0      0x424 /usr/bin/../lib/gcc/arm-none-eabi/4.9.3/armv7-m/libgcc.a(_arm_muldivdf3.o)
                0x00000000002150a0                __aeabi_dmul
                0x00000000002150a0                __muldf3
                0x00000000002152f4                __aeabi_ddiv
                0x00000000002152f4                __divdf3
 .text          0x00000000002154c4       0xa0 /usr/bin/../lib/gcc/arm-none-eabi/4.9.3/armv7-m/libgcc.a(_arm_truncdfsf2.o)
                0x00000000002154c4                __aeabi_d2f
                0x00000000002154c4                __truncdfsf2
 .text          0x0000000000215564      0x21c /usr/bin/../lib/gcc/arm-none-eabi/4.9.3/armv7-m/libgcc.a(_arm_addsubsf3.o)
                0x0000000000215564                __aeabi_frsub
                0x000000000021556c                __subsf3
                0x000000000021556c                __aeabi_fsub
                0x0000000000215570                __aeabi_fadd
                0x0000000000215570                __addsf3
                0x00000000002156d0                __aeabi_ui2f
                0x00000000002156d0                __floatunsisf
                0x00000000002156d8                __aeabi_i2f
                0x00000000002156d8                __floatsisf
                0x00000000002156f4                __floatundisf
                0x00000000002156f4                __aeabi_ul2f
                0x0000000000215704                __floatdisf
                0x0000000000215704                __aeabi_l2f
 .text          0x0000000000215780      0x2a0 /usr/bin/../lib/gcc/arm-none-eabi/4.9.3/armv7-m/libgcc.a(_arm_muldivsf3.o)
                0x0000000000215780                __mulsf3
                0x0000000000215780                __aeabi_fmul
                0x00000000002158e8                __divsf3
                0x00000000002158e8                __aeabi_fdiv
 .text          0x0000000000215a20        0x0 /usr/bin/../lib/gcc/arm-none-eabi/4.9.3/../../../../arm-none-eabi/lib/armv7-m/libg.a(lib_a-memcmp.o)
 .text.memcmp   0x0000000000215a20       0x64 /usr/bin/../lib/gcc/arm-none-eabi/4.9.3/../../../../arm-none-eabi/lib/armv7-m/libg.a(lib_a-memcmp.o)
                0x0000000000215a20                memcmp
 .text          0x0000000000215a84       0xec /usr/bin/../lib/gcc/arm-none-eabi/4.9.3/../../../../arm-none-eabi/lib/armv7-m/libg.a(lib_a-memcpy.o)
                0x0000000000215a84                memcpy
 .text          0x0000000000215b70        0x0 /usr/bin/../lib/gcc/arm-none-eabi/4.9.3/../../../../arm-none-eabi/lib/armv7-m/libg.a(lib_a-memset.o)
 .text.memset   0x0000000000215b70       0x9c /usr/bin/../lib/gcc/arm-none-eabi/4.9.3/../../../../arm-none-eabi/lib/armv7-m/libg.a(lib_a-memset.o)
                0x0000000000215b70                memset
 *(.rodata*)
 .rodata        0x0000000000215c0c       0x2d build/OpenMote-CC2538_armgcc/projects/common/03oos_openwsn/03oos_openwsn.o
 *fill*         0x0000000000215c39        0x3 00000000
 .rodata        0x0000000000215c3c       0xa0 build/OpenMote-CC2538_armgcc/openstack/libopenstack.a(openstack.o)
 .rodata        0x0000000000215cdc       0x50 build/OpenMote-CC2538_armgcc/openstack/libopenstack.a(IEEE802154E.o)
 .rodata        0x0000000000215d2c       0x50 build/OpenMote-CC2538_armgcc/openstack/libopenstack.a(adaptive_sync.o)
 .rodata        0x0000000000215d7c       0x4c build/OpenMote-CC2538_armgcc/openstack/libopenstack.a(IEEE802154_dummy_security.o)
                0x0000000000215dac                IEEE802154_dummy_security
 .rodata        0x0000000000215dc8       0x50 build/OpenMote-CC2538_armgcc/openstack/libopenstack.a(neighbors.o)
 .rodata        0x0000000000215e18       0x50 build/OpenMote-CC2538_armgcc/openstack/libopenstack.a(processIE.o)
 .rodata        0x0000000000215e68       0x2d build/OpenMote-CC2538_armgcc/openstack/libopenstack.a(schedule.o)
 *fill*         0x0000000000215e95        0x3 00000000
 .rodata        0x0000000000215e98       0x50 build/OpenMote-CC2538_armgcc/openstack/libopenstack.a(sixtop.o)
 .rodata        0x0000000000215ee8       0x49 build/OpenMote-CC2538_armgcc/openstack/libopenstack.a(iphc.o)
 *fill*         0x0000000000215f31        0x3 00000000
 .rodata        0x0000000000215f34       0x2d build/OpenMote-CC2538_armgcc/openstack/libopenstack.a(openbridge.o)
 *fill*         0x0000000000215f61        0x3 00000000
 .rodata        0x0000000000215f64       0x40 build/OpenMote-CC2538_armgcc/openstack/libopenstack.a(forwarding.o)
 .rodata        0x0000000000215fa4       0x40 build/OpenMote-CC2538_armgcc/openstack/libopenstack.a(icmpv6.o)
 .rodata        0x0000000000215fe4       0x2d build/OpenMote-CC2538_armgcc/openstack/libopenstack.a(icmpv6echo.o)
 *fill*         0x0000000000216011        0x3 00000000
 .rodata        0x0000000000216014       0x50 build/OpenMote-CC2538_armgcc/openstack/libopenstack.a(icmpv6rpl.o)
 .rodata        0x0000000000216064       0x80 build/OpenMote-CC2538_armgcc/openstack/libopenstack.a(opencoap.o)
 .rodata        0x00000000002160e4       0x2d build/OpenMote-CC2538_armgcc/openstack/libopenstack.a(opentcp.o)
 *fill*         0x0000000000216111        0x3 00000000
 .rodata        0x0000000000216114       0x80 build/OpenMote-CC2538_armgcc/openstack/libopenstack.a(openudp.o)
 .rodata        0x0000000000216194       0x40 build/OpenMote-CC2538_armgcc/openstack/libopenstack.a(idmanager.o)
 .rodata        0x00000000002161d4       0x40 build/OpenMote-CC2538_armgcc/openstack/libopenstack.a(openqueue.o)
 .rodata        0x0000000000216214       0x2d build/OpenMote-CC2538_armgcc/openstack/libopenstack.a(openrandom.o)
 *fill*         0x0000000000216241        0x3 00000000
 .rodata        0x0000000000216244       0x2d build/OpenMote-CC2538_armgcc/openstack/libopenstack.a(packetfunctions.o)
 *fill*         0x0000000000216271        0x3 00000000
 .rodata        0x0000000000216274       0x40 build/OpenMote-CC2538_armgcc/openstack/libopenstack.a(IEEE802154.o)
 .rodata        0x00000000002162b4       0x2d build/OpenMote-CC2538_armgcc/openstack/libopenstack.a(topology.o)
 *fill*         0x00000000002162e1        0x3 00000000
 .rodata        0x00000000002162e4       0x80 build/OpenMote-CC2538_armgcc/openapps/libopenapps.a(openapps_dyn.o)
 .rodata        0x0000000000216364       0x93 build/OpenMote-CC2538_armgcc/openapps/libopenapps.a(c6t.o)
                0x00000000002163f4                c6t_path0
 *fill*         0x00000000002163f7        0x1 00000000
 .rodata        0x00000000002163f8       0x82 build/OpenMote-CC2538_armgcc/openapps/libopenapps.a(cinfo.o)
                0x0000000000216478                cinfo_path0
 *fill*         0x000000000021647a        0x2 00000000
 .rodata        0x000000000021647c       0x82 build/OpenMote-CC2538_armgcc/openapps/libopenapps.a(cleds.o)
                0x00000000002164fc                cleds_path0
 *fill*         0x00000000002164fe        0x2 00000000
 .rodata        0x0000000000216500       0x91 build/OpenMote-CC2538_armgcc/openapps/libopenapps.a(cwellknown.o)
                0x0000000000216580                cwellknown_path0
                0x000000000021658c                cwellknown_path1
 *fill*         0x0000000000216591        0x3 00000000
 .rodata        0x0000000000216594       0x93 build/OpenMote-CC2538_armgcc/openapps/libopenapps.a(rrt.o)
                0x0000000000216624                rrt_path0
 *fill*         0x0000000000216627        0x1 00000000
 .rodata        0x0000000000216628       0x2d build/OpenMote-CC2538_armgcc/openapps/libopenapps.a(techo.o)
 *fill*         0x0000000000216655        0x3 00000000
 .rodata        0x0000000000216658       0x2d build/OpenMote-CC2538_armgcc/openapps/libopenapps.a(uecho.o)
 *fill*         0x0000000000216685        0x3 00000000
 .rodata        0x0000000000216688       0x50 build/OpenMote-CC2538_armgcc/openapps/libopenapps.a(uinject.o)
 .rodata        0x00000000002166d8       0x2d build/OpenMote-CC2538_armgcc/kernel/openos/libkernel.a(scheduler.o)
 *fill*         0x0000000000216705        0x3 00000000
 .rodata        0x0000000000216708      0x250 build/OpenMote-CC2538_armgcc/drivers/libdrivers.a(openserial.o)
 .rodata        0x0000000000216958       0x2d build/OpenMote-CC2538_armgcc/drivers/libdrivers.a(opentimers.o)
 *fill*         0x0000000000216985        0x3 00000000
 .rodata        0x0000000000216988      0x230 build/OpenMote-CC2538_armgcc/drivers/libdrivers.a(openhdlc.o)
 .rodata        0x0000000000216bb8       0x23 build/OpenMote-CC2538_armgcc/bsp/boards/libbsp.a(board.o)
 *fill*         0x0000000000216bdb        0x1 00000000
 .rodata        0x0000000000216bdc       0x23 build/OpenMote-CC2538_armgcc/bsp/boards/libbsp.a(bsp_timer.o)
 *fill*         0x0000000000216bff        0x1 00000000
 .rodata        0x0000000000216c00       0x48 build/OpenMote-CC2538_armgcc/bsp/boards/libbsp.a(cc2538_crypto_engine.o)
                0x0000000000216c30                board_crypto_engine
 .rodata        0x0000000000216c48       0x23 build/OpenMote-CC2538_armgcc/bsp/boards/libbsp.a(debugpins.o)
 *fill*         0x0000000000216c6b        0x1 00000000
 .rodata        0x0000000000216c6c       0x23 build/OpenMote-CC2538_armgcc/bsp/boards/libbsp.a(leds.o)
 *fill*         0x0000000000216c8f        0x1 00000000
 .rodata        0x0000000000216c90       0x23 build/OpenMote-CC2538_armgcc/bsp/boards/libbsp.a(radio.o)
 *fill*         0x0000000000216cb3        0x1 00000000
 .rodata        0x0000000000216cb4       0x23 build/OpenMote-CC2538_armgcc/bsp/boards/libbsp.a(radiotimer.o)
 *fill*         0x0000000000216cd7        0x1 00000000
 .rodata        0x0000000000216cd8       0x23 build/OpenMote-CC2538_armgcc/bsp/boards/libbsp.a(sensors.o)
 *fill*         0x0000000000216cfb        0x1 00000000
 .rodata        0x0000000000216cfc       0x23 build/OpenMote-CC2538_armgcc/bsp/boards/libbsp.a(uart.o)
 *fill*         0x0000000000216d1f        0x1 00000000
 .rodata        0x0000000000216d20      0x114 build/OpenMote-CC2538_armgcc/bsp/boards/libbsp.a(interrupt.o)
 .rodata        0x0000000000216e34      0x100 build/OpenMote-CC2538_armgcc/bsp/boards/libbsp.a(ioc.o)
 .rodata        0x0000000000216f34       0x74 build/OpenMote-CC2538_armgcc/bsp/boards/libbsp.a(sys_ctrl.o)
 .rodata        0x0000000000216fa8       0x15 build/OpenMote-CC2538_armgcc/bsp/boards/libbsp.a(max44009.o)
 *fill*         0x0000000000216fbd        0x3 00000000
 .rodata        0x0000000000216fc0       0x2d build/OpenMote-CC2538_armgcc/bsp/boards/libbsp.a(aes_cbc.o)
 *fill*         0x0000000000216fed        0x3 00000000
 .rodata        0x0000000000216ff0       0x2d build/OpenMote-CC2538_armgcc/bsp/boards/libbsp.a(aes_ctr.o)
 *fill*         0x000000000021701d        0x3 00000000
 .rodata        0x0000000000217020       0x23 build/OpenMote-CC2538_armgcc/bsp/boards/libbsp.a(adc_sensor.o)
                0x0000000000217043                _etext = .

.glue_7         0x0000000000217044        0x0
 .glue_7        0x0000000000000000        0x0 linker stubs

.glue_7t        0x0000000000217044        0x0
 .glue_7t       0x0000000000000000        0x0 linker stubs

.vfp11_veneer   0x0000000000217044        0x0
 .vfp11_veneer  0x0000000000000000        0x0 linker stubs

.v4_bx          0x0000000000217044        0x0
 .v4_bx         0x0000000000000000        0x0 linker stubs

.iplt           0x0000000000217044        0x0
 .iplt          0x0000000000000000        0x0 build/OpenMote-CC2538_armgcc/projects/common/03oos_openwsn/03oos_openwsn.o

.data           0x0000000020004000      0x28c load address 0x0000000000217043
                0x0000000020004000                _data = .
 *(vtable)
 vtable         0x0000000020004000      0x28c build/OpenMote-CC2538_armgcc/bsp/boards/libbsp.a(interrupt.o)
 *(.data*)
 .data          0x000000002000428c        0x0 build/OpenMote-CC2538_armgcc/projects/common/03oos_openwsn/03oos_openwsn.o
 .data          0x000000002000428c        0x0 build/OpenMote-CC2538_armgcc/openstack/libopenstack.a(openstack.o)
 .data          0x000000002000428c        0x0 build/OpenMote-CC2538_armgcc/openstack/libopenstack.a(IEEE802154E.o)
 .data          0x000000002000428c        0x0 build/OpenMote-CC2538_armgcc/openstack/libopenstack.a(adaptive_sync.o)
 .data          0x000000002000428c        0x0 build/OpenMote-CC2538_armgcc/openstack/libopenstack.a(IEEE802154_dummy_security.o)
 .data          0x000000002000428c        0x0 build/OpenMote-CC2538_armgcc/openstack/libopenstack.a(neighbors.o)
 .data          0x000000002000428c        0x0 build/OpenMote-CC2538_armgcc/openstack/libopenstack.a(processIE.o)
 .data          0x000000002000428c        0x0 build/OpenMote-CC2538_armgcc/openstack/libopenstack.a(schedule.o)
 .data          0x000000002000428c        0x0 build/OpenMote-CC2538_armgcc/openstack/libopenstack.a(sixtop.o)
 .data          0x000000002000428c        0x0 build/OpenMote-CC2538_armgcc/openstack/libopenstack.a(iphc.o)
 .data          0x000000002000428c        0x0 build/OpenMote-CC2538_armgcc/openstack/libopenstack.a(openbridge.o)
 .data          0x000000002000428c        0x0 build/OpenMote-CC2538_armgcc/openstack/libopenstack.a(forwarding.o)
 .data          0x000000002000428c        0x0 build/OpenMote-CC2538_armgcc/openstack/libopenstack.a(icmpv6.o)
 .data          0x000000002000428c        0x0 build/OpenMote-CC2538_armgcc/openstack/libopenstack.a(icmpv6echo.o)
 .data          0x000000002000428c        0x0 build/OpenMote-CC2538_armgcc/openstack/libopenstack.a(icmpv6rpl.o)
 .data          0x000000002000428c        0x0 build/OpenMote-CC2538_armgcc/openstack/libopenstack.a(opencoap.o)
 .data          0x000000002000428c        0x0 build/OpenMote-CC2538_armgcc/openstack/libopenstack.a(opentcp.o)
 .data          0x000000002000428c        0x0 build/OpenMote-CC2538_armgcc/openstack/libopenstack.a(openudp.o)
 .data          0x000000002000428c        0x0 build/OpenMote-CC2538_armgcc/openstack/libopenstack.a(idmanager.o)
 .data          0x000000002000428c        0x0 build/OpenMote-CC2538_armgcc/openstack/libopenstack.a(openqueue.o)
 .data          0x000000002000428c        0x0 build/OpenMote-CC2538_armgcc/openstack/libopenstack.a(openrandom.o)
 .data          0x000000002000428c        0x0 build/OpenMote-CC2538_armgcc/openstack/libopenstack.a(packetfunctions.o)
 .data          0x000000002000428c        0x0 build/OpenMote-CC2538_armgcc/openstack/libopenstack.a(IEEE802154.o)
 .data          0x000000002000428c        0x0 build/OpenMote-CC2538_armgcc/openstack/libopenstack.a(topology.o)
 .data          0x000000002000428c        0x0 build/OpenMote-CC2538_armgcc/openapps/libopenapps.a(openapps_dyn.o)
 .data          0x000000002000428c        0x0 build/OpenMote-CC2538_armgcc/openapps/libopenapps.a(c6t.o)
 .data          0x000000002000428c        0x0 build/OpenMote-CC2538_armgcc/openapps/libopenapps.a(cinfo.o)
 .data          0x000000002000428c        0x0 build/OpenMote-CC2538_armgcc/openapps/libopenapps.a(cleds.o)
 .data          0x000000002000428c        0x0 build/OpenMote-CC2538_armgcc/openapps/libopenapps.a(cwellknown.o)
 .data          0x000000002000428c        0x0 build/OpenMote-CC2538_armgcc/openapps/libopenapps.a(rrt.o)
 .data          0x000000002000428c        0x0 build/OpenMote-CC2538_armgcc/openapps/libopenapps.a(techo.o)
 .data          0x000000002000428c        0x0 build/OpenMote-CC2538_armgcc/openapps/libopenapps.a(uecho.o)
 .data          0x000000002000428c        0x0 build/OpenMote-CC2538_armgcc/openapps/libopenapps.a(uinject.o)
 .data          0x000000002000428c        0x0 build/OpenMote-CC2538_armgcc/kernel/openos/libkernel.a(scheduler.o)
 .data          0x000000002000428c        0x0 build/OpenMote-CC2538_armgcc/drivers/libdrivers.a(openserial.o)
 .data          0x000000002000428c        0x0 build/OpenMote-CC2538_armgcc/drivers/libdrivers.a(opentimers.o)
 .data          0x000000002000428c        0x0 build/OpenMote-CC2538_armgcc/drivers/libdrivers.a(openhdlc.o)
 .data          0x000000002000428c        0x0 build/OpenMote-CC2538_armgcc/bsp/boards/libbsp.a(board.o)
 .data          0x000000002000428c        0x0 build/OpenMote-CC2538_armgcc/bsp/boards/libbsp.a(bsp_timer.o)
 .data          0x000000002000428c        0x0 build/OpenMote-CC2538_armgcc/bsp/boards/libbsp.a(cc2538_crypto_engine.o)
 .data          0x000000002000428c        0x0 build/OpenMote-CC2538_armgcc/bsp/boards/libbsp.a(debugpins.o)
 .data          0x000000002000428c        0x0 build/OpenMote-CC2538_armgcc/bsp/boards/libbsp.a(eui64.o)
 .data          0x000000002000428c        0x0 build/OpenMote-CC2538_armgcc/bsp/boards/libbsp.a(i2c.o)
 .data          0x000000002000428c        0x0 build/OpenMote-CC2538_armgcc/bsp/boards/libbsp.a(leds.o)
 .data          0x000000002000428c        0x0 build/OpenMote-CC2538_armgcc/bsp/boards/libbsp.a(radio.o)
 .data          0x000000002000428c        0x0 build/OpenMote-CC2538_armgcc/bsp/boards/libbsp.a(radiotimer.o)
 .data          0x000000002000428c        0x0 build/OpenMote-CC2538_armgcc/bsp/boards/libbsp.a(sensors.o)
 .data          0x000000002000428c        0x0 build/OpenMote-CC2538_armgcc/bsp/boards/libbsp.a(startup_gcc.o)
 .data          0x000000002000428c        0x0 build/OpenMote-CC2538_armgcc/bsp/boards/libbsp.a(uart.o)
 .data          0x000000002000428c        0x0 build/OpenMote-CC2538_armgcc/bsp/boards/libbsp.a(aes.o)
 .data          0x000000002000428c        0x0 build/OpenMote-CC2538_armgcc/bsp/boards/libbsp.a(ccm.o)
 .data          0x000000002000428c        0x0 build/OpenMote-CC2538_armgcc/bsp/boards/libbsp.a(flash.o)
 .data          0x000000002000428c        0x0 build/OpenMote-CC2538_armgcc/bsp/boards/libbsp.a(gpio.o)
 .data          0x000000002000428c        0x0 build/OpenMote-CC2538_armgcc/bsp/boards/libbsp.a(gptimer.o)
 .data          0x000000002000428c        0x0 build/OpenMote-CC2538_armgcc/bsp/boards/libbsp.a(i2c_lib.o)
 .data          0x000000002000428c        0x0 build/OpenMote-CC2538_armgcc/bsp/boards/libbsp.a(interrupt.o)
 .data          0x000000002000428c        0x0 build/OpenMote-CC2538_armgcc/bsp/boards/libbsp.a(ioc.o)
 .data          0x000000002000428c        0x0 build/OpenMote-CC2538_armgcc/bsp/boards/libbsp.a(sleepmode.o)
 .data          0x000000002000428c        0x0 build/OpenMote-CC2538_armgcc/bsp/boards/libbsp.a(sys_ctrl.o)
 .data          0x000000002000428c        0x0 build/OpenMote-CC2538_armgcc/bsp/boards/libbsp.a(uarthal.o)
 .data          0x000000002000428c        0x0 build/OpenMote-CC2538_armgcc/bsp/boards/libbsp.a(adxl346.o)
 .data          0x000000002000428c        0x0 build/OpenMote-CC2538_armgcc/bsp/boards/libbsp.a(max44009.o)
 .data          0x000000002000428c        0x0 build/OpenMote-CC2538_armgcc/bsp/boards/libbsp.a(sht21.o)
 .data          0x000000002000428c        0x0 build/OpenMote-CC2538_armgcc/bsp/boards/libbsp.a(aes_cbc.o)
 .data          0x000000002000428c        0x0 build/OpenMote-CC2538_armgcc/bsp/boards/libbsp.a(aes_ctr.o)
 .data          0x000000002000428c        0x0 build/OpenMote-CC2538_armgcc/bsp/boards/libbsp.a(adc_sensor.o)
 .data          0x000000002000428c        0x0 build/OpenMote-CC2538_armgcc/bsp/boards/libbsp.a(adc.o)
 .data          0x000000002000428c        0x0 build/OpenMote-CC2538_armgcc/bsp/boards/libbsp.a(cpu.o)
 .data          0x000000002000428c        0x0 /usr/bin/../lib/gcc/arm-none-eabi/4.9.3/armv7-m/libgcc.a(_arm_addsubdf3.o)
 .data          0x000000002000428c        0x0 /usr/bin/../lib/gcc/arm-none-eabi/4.9.3/armv7-m/libgcc.a(_arm_muldivdf3.o)
 .data          0x000000002000428c        0x0 /usr/bin/../lib/gcc/arm-none-eabi/4.9.3/armv7-m/libgcc.a(_arm_truncdfsf2.o)
 .data          0x000000002000428c        0x0 /usr/bin/../lib/gcc/arm-none-eabi/4.9.3/armv7-m/libgcc.a(_arm_addsubsf3.o)
 .data          0x000000002000428c        0x0 /usr/bin/../lib/gcc/arm-none-eabi/4.9.3/armv7-m/libgcc.a(_arm_muldivsf3.o)
 .data          0x000000002000428c        0x0 /usr/bin/../lib/gcc/arm-none-eabi/4.9.3/../../../../arm-none-eabi/lib/armv7-m/libg.a(lib_a-memcmp.o)
 .data          0x000000002000428c        0x0 /usr/bin/../lib/gcc/arm-none-eabi/4.9.3/../../../../arm-none-eabi/lib/armv7-m/libg.a(lib_a-memcpy.o)
 .data          0x000000002000428c        0x0 /usr/bin/../lib/gcc/arm-none-eabi/4.9.3/../../../../arm-none-eabi/lib/armv7-m/libg.a(lib_a-memset.o)
                0x000000002000428c                _edata = .

.igot.plt       0x000000002000428c        0x0 load address 0x00000000002172d0
 .igot.plt      0x0000000000000000        0x0 build/OpenMote-CC2538_armgcc/projects/common/03oos_openwsn/03oos_openwsn.o

.ARM.exidx
 *(.ARM.exidx*)

.bss            0x000000002000428c     0x1c20 load address 0x00000000002172d0
                0x000000002000428c                _bss = .
 *(.bss*)
 .bss           0x000000002000428c        0x0 build/OpenMote-CC2538_armgcc/projects/common/03oos_openwsn/03oos_openwsn.o
 .bss           0x000000002000428c        0x0 build/OpenMote-CC2538_armgcc/openstack/libopenstack.a(openstack.o)
 .bss           0x000000002000428c        0x0 build/OpenMote-CC2538_armgcc/openstack/libopenstack.a(IEEE802154E.o)
 .bss           0x000000002000428c        0x0 build/OpenMote-CC2538_armgcc/openstack/libopenstack.a(adaptive_sync.o)
 .bss           0x000000002000428c        0x0 build/OpenMote-CC2538_armgcc/openstack/libopenstack.a(IEEE802154_dummy_security.o)
 .bss           0x000000002000428c        0x0 build/OpenMote-CC2538_armgcc/openstack/libopenstack.a(neighbors.o)
 .bss           0x000000002000428c        0x0 build/OpenMote-CC2538_armgcc/openstack/libopenstack.a(processIE.o)
 .bss           0x000000002000428c        0x0 build/OpenMote-CC2538_armgcc/openstack/libopenstack.a(schedule.o)
 .bss           0x000000002000428c        0x0 build/OpenMote-CC2538_armgcc/openstack/libopenstack.a(sixtop.o)
 .bss           0x000000002000428c        0x0 build/OpenMote-CC2538_armgcc/openstack/libopenstack.a(iphc.o)
 .bss           0x000000002000428c        0x0 build/OpenMote-CC2538_armgcc/openstack/libopenstack.a(openbridge.o)
 .bss           0x000000002000428c        0x0 build/OpenMote-CC2538_armgcc/openstack/libopenstack.a(forwarding.o)
 .bss           0x000000002000428c        0x0 build/OpenMote-CC2538_armgcc/openstack/libopenstack.a(icmpv6.o)
 .bss           0x000000002000428c        0x0 build/OpenMote-CC2538_armgcc/openstack/libopenstack.a(icmpv6echo.o)
 .bss           0x000000002000428c        0x0 build/OpenMote-CC2538_armgcc/openstack/libopenstack.a(icmpv6rpl.o)
 .bss           0x000000002000428c        0x0 build/OpenMote-CC2538_armgcc/openstack/libopenstack.a(opencoap.o)
 .bss           0x000000002000428c        0x0 build/OpenMote-CC2538_armgcc/openstack/libopenstack.a(opentcp.o)
 .bss           0x000000002000428c        0x0 build/OpenMote-CC2538_armgcc/openstack/libopenstack.a(openudp.o)
 .bss           0x000000002000428c        0x0 build/OpenMote-CC2538_armgcc/openstack/libopenstack.a(idmanager.o)
 .bss           0x000000002000428c        0x0 build/OpenMote-CC2538_armgcc/openstack/libopenstack.a(openqueue.o)
 .bss           0x000000002000428c        0x0 build/OpenMote-CC2538_armgcc/openstack/libopenstack.a(openrandom.o)
 .bss           0x000000002000428c        0x0 build/OpenMote-CC2538_armgcc/openstack/libopenstack.a(packetfunctions.o)
 .bss           0x000000002000428c        0x0 build/OpenMote-CC2538_armgcc/openstack/libopenstack.a(IEEE802154.o)
 .bss           0x000000002000428c        0x0 build/OpenMote-CC2538_armgcc/openstack/libopenstack.a(topology.o)
 .bss           0x000000002000428c        0x0 build/OpenMote-CC2538_armgcc/openapps/libopenapps.a(openapps_dyn.o)
 .bss           0x000000002000428c        0x0 build/OpenMote-CC2538_armgcc/openapps/libopenapps.a(c6t.o)
 .bss           0x000000002000428c        0x0 build/OpenMote-CC2538_armgcc/openapps/libopenapps.a(cinfo.o)
 .bss           0x000000002000428c        0x0 build/OpenMote-CC2538_armgcc/openapps/libopenapps.a(cleds.o)
 .bss           0x000000002000428c        0x0 build/OpenMote-CC2538_armgcc/openapps/libopenapps.a(cwellknown.o)
 .bss           0x000000002000428c        0x0 build/OpenMote-CC2538_armgcc/openapps/libopenapps.a(rrt.o)
 .bss           0x000000002000428c        0x0 build/OpenMote-CC2538_armgcc/openapps/libopenapps.a(techo.o)
 .bss           0x000000002000428c        0x0 build/OpenMote-CC2538_armgcc/openapps/libopenapps.a(uecho.o)
 .bss           0x000000002000428c        0x0 build/OpenMote-CC2538_armgcc/openapps/libopenapps.a(uinject.o)
 .bss           0x000000002000428c        0x0 build/OpenMote-CC2538_armgcc/kernel/openos/libkernel.a(scheduler.o)
 .bss           0x000000002000428c        0x0 build/OpenMote-CC2538_armgcc/drivers/libdrivers.a(openserial.o)
 .bss           0x000000002000428c        0x0 build/OpenMote-CC2538_armgcc/drivers/libdrivers.a(opentimers.o)
 .bss           0x000000002000428c        0x0 build/OpenMote-CC2538_armgcc/drivers/libdrivers.a(openhdlc.o)
 .bss           0x000000002000428c        0x0 build/OpenMote-CC2538_armgcc/bsp/boards/libbsp.a(board.o)
 .bss           0x000000002000428c        0x0 build/OpenMote-CC2538_armgcc/bsp/boards/libbsp.a(bsp_timer.o)
 .bss           0x000000002000428c       0x10 build/OpenMote-CC2538_armgcc/bsp/boards/libbsp.a(cc2538_crypto_engine.o)
 .bss           0x000000002000429c        0x0 build/OpenMote-CC2538_armgcc/bsp/boards/libbsp.a(debugpins.o)
 .bss           0x000000002000429c        0x0 build/OpenMote-CC2538_armgcc/bsp/boards/libbsp.a(eui64.o)
 .bss           0x000000002000429c        0x0 build/OpenMote-CC2538_armgcc/bsp/boards/libbsp.a(i2c.o)
 .bss           0x000000002000429c        0x0 build/OpenMote-CC2538_armgcc/bsp/boards/libbsp.a(leds.o)
 .bss           0x000000002000429c        0x0 build/OpenMote-CC2538_armgcc/bsp/boards/libbsp.a(radio.o)
 .bss           0x000000002000429c        0x0 build/OpenMote-CC2538_armgcc/bsp/boards/libbsp.a(radiotimer.o)
 .bss           0x000000002000429c        0x0 build/OpenMote-CC2538_armgcc/bsp/boards/libbsp.a(sensors.o)
 .bss           0x000000002000429c      0x800 build/OpenMote-CC2538_armgcc/bsp/boards/libbsp.a(startup_gcc.o)
 .bss           0x0000000020004a9c        0x0 build/OpenMote-CC2538_armgcc/bsp/boards/libbsp.a(uart.o)
 .bss           0x0000000020004a9c       0x14 build/OpenMote-CC2538_armgcc/bsp/boards/libbsp.a(aes.o)
                0x0000000020004a9c                g_ui8CurrentAESOp
 .bss           0x0000000020004ab0        0x0 build/OpenMote-CC2538_armgcc/bsp/boards/libbsp.a(ccm.o)
 .bss           0x0000000020004ab0        0x0 build/OpenMote-CC2538_armgcc/bsp/boards/libbsp.a(flash.o)
 .bss           0x0000000020004ab0        0x0 build/OpenMote-CC2538_armgcc/bsp/boards/libbsp.a(gpio.o)
 .bss           0x0000000020004ab0        0x0 build/OpenMote-CC2538_armgcc/bsp/boards/libbsp.a(gptimer.o)
 .bss           0x0000000020004ab0        0x0 build/OpenMote-CC2538_armgcc/bsp/boards/libbsp.a(i2c_lib.o)
 .bss           0x0000000020004ab0        0x0 build/OpenMote-CC2538_armgcc/bsp/boards/libbsp.a(interrupt.o)
 .bss           0x0000000020004ab0        0x0 build/OpenMote-CC2538_armgcc/bsp/boards/libbsp.a(ioc.o)
 .bss           0x0000000020004ab0        0x0 build/OpenMote-CC2538_armgcc/bsp/boards/libbsp.a(sleepmode.o)
 .bss           0x0000000020004ab0        0x0 build/OpenMote-CC2538_armgcc/bsp/boards/libbsp.a(sys_ctrl.o)
 .bss           0x0000000020004ab0        0x0 build/OpenMote-CC2538_armgcc/bsp/boards/libbsp.a(uarthal.o)
 .bss           0x0000000020004ab0        0x0 build/OpenMote-CC2538_armgcc/bsp/boards/libbsp.a(adxl346.o)
 .bss           0x0000000020004ab0        0x0 build/OpenMote-CC2538_armgcc/bsp/boards/libbsp.a(max44009.o)
 .bss           0x0000000020004ab0        0x1 build/OpenMote-CC2538_armgcc/bsp/boards/libbsp.a(sht21.o)
 .bss           0x0000000020004ab1        0x0 build/OpenMote-CC2538_armgcc/bsp/boards/libbsp.a(aes_cbc.o)
 .bss           0x0000000020004ab1        0x0 build/OpenMote-CC2538_armgcc/bsp/boards/libbsp.a(aes_ctr.o)
 .bss           0x0000000020004ab1        0x0 build/OpenMote-CC2538_armgcc/bsp/boards/libbsp.a(adc_sensor.o)
 .bss           0x0000000020004ab1        0x0 build/OpenMote-CC2538_armgcc/bsp/boards/libbsp.a(adc.o)
 .bss           0x0000000020004ab1        0x0 build/OpenMote-CC2538_armgcc/bsp/boards/libbsp.a(cpu.o)
 .bss           0x0000000020004ab1        0x0 /usr/bin/../lib/gcc/arm-none-eabi/4.9.3/armv7-m/libgcc.a(_arm_addsubdf3.o)
 .bss           0x0000000020004ab1        0x0 /usr/bin/../lib/gcc/arm-none-eabi/4.9.3/armv7-m/libgcc.a(_arm_muldivdf3.o)
 .bss           0x0000000020004ab1        0x0 /usr/bin/../lib/gcc/arm-none-eabi/4.9.3/armv7-m/libgcc.a(_arm_truncdfsf2.o)
 .bss           0x0000000020004ab1        0x0 /usr/bin/../lib/gcc/arm-none-eabi/4.9.3/armv7-m/libgcc.a(_arm_addsubsf3.o)
 .bss           0x0000000020004ab1        0x0 /usr/bin/../lib/gcc/arm-none-eabi/4.9.3/armv7-m/libgcc.a(_arm_muldivsf3.o)
 .bss           0x0000000020004ab1        0x0 /usr/bin/../lib/gcc/arm-none-eabi/4.9.3/../../../../arm-none-eabi/lib/armv7-m/libg.a(lib_a-memcmp.o)
 .bss           0x0000000020004ab1        0x0 /usr/bin/../lib/gcc/arm-none-eabi/4.9.3/../../../../arm-none-eabi/lib/armv7-m/libg.a(lib_a-memcpy.o)
 .bss           0x0000000020004ab1        0x0 /usr/bin/../lib/gcc/arm-none-eabi/4.9.3/../../../../arm-none-eabi/lib/armv7-m/libg.a(lib_a-memset.o)
 *(COMMON)
 *fill*         0x0000000020004ab1        0x3 
 COMMON         0x0000000020004ab4      0x184 build/OpenMote-CC2538_armgcc/openstack/libopenstack.a(IEEE802154E.o)
                0x0000000020004ab4                ieee154e_vars
                0x0000000020004c18                ieee154e_stats
                0x0000000020004c28                ieee154e_dbg
 COMMON         0x0000000020004c38       0x2c build/OpenMote-CC2538_armgcc/openstack/libopenstack.a(adaptive_sync.o)
                0x0000000020004c38                adaptive_sync_vars
 COMMON         0x0000000020004c64      0x15c build/OpenMote-CC2538_armgcc/openstack/libopenstack.a(neighbors.o)
                0x0000000020004c64                neighbors_vars
 COMMON         0x0000000020004dc0      0x10c build/OpenMote-CC2538_armgcc/openstack/libopenstack.a(schedule.o)
                0x0000000020004dc0                schedule_vars
 COMMON         0x0000000020004ecc       0x10 build/OpenMote-CC2538_armgcc/openstack/libopenstack.a(sixtop.o)
                0x0000000020004ecc                sixtop_vars
 COMMON         0x0000000020004edc       0x14 build/OpenMote-CC2538_armgcc/openstack/libopenstack.a(icmpv6echo.o)
                0x0000000020004edc                icmpv6echo_vars
 COMMON         0x0000000020004ef0       0x5c build/OpenMote-CC2538_armgcc/openstack/libopenstack.a(icmpv6rpl.o)
                0x0000000020004ef0                icmpv6rpl_vars
 COMMON         0x0000000020004f4c        0x8 build/OpenMote-CC2538_armgcc/openstack/libopenstack.a(opencoap.o)
                0x0000000020004f4c                opencoap_vars
 COMMON         0x0000000020004f54       0x30 build/OpenMote-CC2538_armgcc/openstack/libopenstack.a(opentcp.o)
                0x0000000020004f54                tcp_vars
 COMMON         0x0000000020004f84       0x45 build/OpenMote-CC2538_armgcc/openstack/libopenstack.a(idmanager.o)
                0x0000000020004f84                idmanager_vars
 *fill*         0x0000000020004fc9        0x3 
 COMMON         0x0000000020004fcc      0xa78 build/OpenMote-CC2538_armgcc/openstack/libopenstack.a(openqueue.o)
                0x0000000020004fcc                openqueue_vars
 COMMON         0x0000000020005a44        0x2 build/OpenMote-CC2538_armgcc/openstack/libopenstack.a(openrandom.o)
                0x0000000020005a44                random_vars
 *fill*         0x0000000020005a46        0x2 
 COMMON         0x0000000020005a48       0x30 build/OpenMote-CC2538_armgcc/openapps/libopenapps.a(c6t.o)
                0x0000000020005a48                c6t_vars
 COMMON         0x0000000020005a78       0x30 build/OpenMote-CC2538_armgcc/openapps/libopenapps.a(cinfo.o)
                0x0000000020005a78                cinfo_vars
 COMMON         0x0000000020005aa8       0x30 build/OpenMote-CC2538_armgcc/openapps/libopenapps.a(cleds.o)
                0x0000000020005aa8                cleds_vars
 COMMON         0x0000000020005ad8       0x30 build/OpenMote-CC2538_armgcc/openapps/libopenapps.a(cwellknown.o)
                0x0000000020005ad8                cwellknown_vars
 COMMON         0x0000000020005b08       0x34 build/OpenMote-CC2538_armgcc/openapps/libopenapps.a(rrt.o)
                0x0000000020005b08                rrt_vars
 COMMON         0x0000000020005b3c        0x4 build/OpenMote-CC2538_armgcc/openapps/libopenapps.a(uinject.o)
                0x0000000020005b3c                uinject_vars
 COMMON         0x0000000020005b40       0x82 build/OpenMote-CC2538_armgcc/kernel/openos/libkernel.a(scheduler.o)
                0x0000000020005b40                scheduler_vars
                0x0000000020005bc0                scheduler_dbg
 *fill*         0x0000000020005bc2        0x2 
 COMMON         0x0000000020005bc4      0x1dc build/OpenMote-CC2538_armgcc/drivers/libdrivers.a(openserial.o)
                0x0000000020005bc4                openserial_vars
 COMMON         0x0000000020005da0       0xd0 build/OpenMote-CC2538_armgcc/drivers/libdrivers.a(opentimers.o)
                0x0000000020005da0                opentimers_vars
 COMMON         0x0000000020005e70       0x14 build/OpenMote-CC2538_armgcc/bsp/boards/libbsp.a(bsp_timer.o)
                0x0000000020005e70                bsp_timer_vars
 COMMON         0x0000000020005e84        0xc build/OpenMote-CC2538_armgcc/bsp/boards/libbsp.a(radio.o)
                0x0000000020005e84                radio_vars
 COMMON         0x0000000020005e90        0x8 build/OpenMote-CC2538_armgcc/bsp/boards/libbsp.a(radiotimer.o)
                0x0000000020005e90                radiotimer_vars
 COMMON         0x0000000020005e98        0x9 build/OpenMote-CC2538_armgcc/bsp/boards/libbsp.a(sensors.o)
                0x0000000020005e98                sensors_vars
 *fill*         0x0000000020005ea1        0x3 
 COMMON         0x0000000020005ea4        0x8 build/OpenMote-CC2538_armgcc/bsp/boards/libbsp.a(uart.o)
                0x0000000020005ea4                uart_vars
                0x0000000020005eac                _ebss = .

.flashcca       0x000000000027ffd4        0xc
 *(.flashcca)
 .flashcca      0x000000000027ffd4        0xc build/OpenMote-CC2538_armgcc/bsp/boards/libbsp.a(startup_gcc.o)
                0x000000000027ffd4                __cca
OUTPUT(build/OpenMote-CC2538_armgcc/projects/common/03oos_openwsn_prog elf32-littlearm)

.rel.dyn        0x000000000027ffe0        0x0
 .rel.iplt      0x0000000000000000        0x0 build/OpenMote-CC2538_armgcc/projects/common/03oos_openwsn/03oos_openwsn.o

.debug_info     0x0000000000000000    0x1dfc2
 .debug_info    0x0000000000000000      0x256 build/OpenMote-CC2538_armgcc/projects/common/03oos_openwsn/03oos_openwsn.o
 .debug_info    0x0000000000000256      0x9b2 build/OpenMote-CC2538_armgcc/openstack/libopenstack.a(openstack.o)
 .debug_info    0x0000000000000c08     0x18d3 build/OpenMote-CC2538_armgcc/openstack/libopenstack.a(IEEE802154E.o)
 .debug_info    0x00000000000024db      0x49b build/OpenMote-CC2538_armgcc/openstack/libopenstack.a(adaptive_sync.o)
 .debug_info    0x0000000000002976      0x7c9 build/OpenMote-CC2538_armgcc/openstack/libopenstack.a(IEEE802154_dummy_security.o)
 .debug_info    0x000000000000313f      0xf9b build/OpenMote-CC2538_armgcc/openstack/libopenstack.a(neighbors.o)
 .debug_info    0x00000000000040da      0xa8b build/OpenMote-CC2538_armgcc/openstack/libopenstack.a(processIE.o)
 .debug_info    0x0000000000004b65      0xd9f build/OpenMote-CC2538_armgcc/openstack/libopenstack.a(schedule.o)
 .debug_info    0x0000000000005904     0x153e build/OpenMote-CC2538_armgcc/openstack/libopenstack.a(sixtop.o)
 .debug_info    0x0000000000006e42     0x1139 build/OpenMote-CC2538_armgcc/openstack/libopenstack.a(iphc.o)
 .debug_info    0x0000000000007f7b      0x851 build/OpenMote-CC2538_armgcc/openstack/libopenstack.a(openbridge.o)
 .debug_info    0x00000000000087cc      0xf1c build/OpenMote-CC2538_armgcc/openstack/libopenstack.a(forwarding.o)