Archive member included because of file (symbol)

build/OpenMote-CC2538_armgcc/openstack/libopenstack.a(openstack.o)
                              build/OpenMote-CC2538_armgcc/projects/common/03oos_openwsn/03oos_openwsn.o (openstack_init)
build/OpenMote-CC2538_armgcc/openstack/libopenstack.a(IEEE802154E.o)
                              build/OpenMote-CC2538_armgcc/openstack/libopenstack.a(openstack.o) (ieee154e_init)
build/OpenMote-CC2538_armgcc/openstack/libopenstack.a(adaptive_sync.o)
                              build/OpenMote-CC2538_armgcc/openstack/libopenstack.a(openstack.o) (adaptive_sync_init)
build/OpenMote-CC2538_armgcc/openstack/libopenstack.a(IEEE802154_dummy_security.o)
                              build/OpenMote-CC2538_armgcc/openstack/libopenstack.a(openstack.o) (IEEE802154_dummy_security)
build/OpenMote-CC2538_armgcc/openstack/libopenstack.a(neighbors.o)
                              build/OpenMote-CC2538_armgcc/openstack/libopenstack.a(openstack.o) (neighbors_init)
build/OpenMote-CC2538_armgcc/openstack/libopenstack.a(processIE.o)
                              build/OpenMote-CC2538_armgcc/openstack/libopenstack.a(IEEE802154E.o) (processIE_retrieveSlotframeLinkIE)
build/OpenMote-CC2538_armgcc/openstack/libopenstack.a(schedule.o)
                              build/OpenMote-CC2538_armgcc/openstack/libopenstack.a(openstack.o) (schedule_init)
build/OpenMote-CC2538_armgcc/openstack/libopenstack.a(sixtop.o)
                              build/OpenMote-CC2538_armgcc/openstack/libopenstack.a(openstack.o) (sixtop_init)
build/OpenMote-CC2538_armgcc/openstack/libopenstack.a(iphc.o)
                              build/OpenMote-CC2538_armgcc/openstack/libopenstack.a(openstack.o) (iphc_init)
build/OpenMote-CC2538_armgcc/openstack/libopenstack.a(openbridge.o)
                              build/OpenMote-CC2538_armgcc/openstack/libopenstack.a(openstack.o) (openbridge_init)
build/OpenMote-CC2538_armgcc/openstack/libopenstack.a(forwarding.o)
                              build/OpenMote-CC2538_armgcc/openstack/libopenstack.a(openstack.o) (forwarding_init)
build/OpenMote-CC2538_armgcc/openstack/libopenstack.a(icmpv6.o)
                              build/OpenMote-CC2538_armgcc/openstack/libopenstack.a(openstack.o) (icmpv6_init)
build/OpenMote-CC2538_armgcc/openstack/libopenstack.a(icmpv6echo.o)
                              build/OpenMote-CC2538_armgcc/openstack/libopenstack.a(openstack.o) (icmpv6echo_init)
build/OpenMote-CC2538_armgcc/openstack/libopenstack.a(icmpv6rpl.o)
                              build/OpenMote-CC2538_armgcc/openstack/libopenstack.a(openstack.o) (icmpv6rpl_init)
build/OpenMote-CC2538_armgcc/openstack/libopenstack.a(opencoap.o)
                              build/OpenMote-CC2538_armgcc/openstack/libopenstack.a(openstack.o) (opencoap_init)
build/OpenMote-CC2538_armgcc/openstack/libopenstack.a(opentcp.o)
                              build/OpenMote-CC2538_armgcc/openstack/libopenstack.a(openstack.o) (opentcp_init)
build/OpenMote-CC2538_armgcc/openstack/libopenstack.a(openudp.o)
                              build/OpenMote-CC2538_armgcc/openstack/libopenstack.a(openstack.o) (openudp_init)
build/OpenMote-CC2538_armgcc/openstack/libopenstack.a(idmanager.o)
                              build/OpenMote-CC2538_armgcc/openstack/libopenstack.a(openstack.o) (idmanager_init)
build/OpenMote-CC2538_armgcc/openstack/libopenstack.a(openqueue.o)
                              build/OpenMote-CC2538_armgcc/openstack/libopenstack.a(openstack.o) (openqueue_init)
build/OpenMote-CC2538_armgcc/openstack/libopenstack.a(openrandom.o)
                              build/OpenMote-CC2538_armgcc/openstack/libopenstack.a(openstack.o) (openrandom_init)
build/OpenMote-CC2538_armgcc/openstack/libopenstack.a(packetfunctions.o)
                              build/OpenMote-CC2538_armgcc/openstack/libopenstack.a(neighbors.o) (packetfunctions_ip128bToMac64b)
build/OpenMote-CC2538_armgcc/openstack/libopenstack.a(IEEE802154.o)
                              build/OpenMote-CC2538_armgcc/openstack/libopenstack.a(IEEE802154E.o) (ieee802154_prependHeader)
build/OpenMote-CC2538_armgcc/openstack/libopenstack.a(topology.o)
                              build/OpenMote-CC2538_armgcc/openstack/libopenstack.a(IEEE802154.o) (topology_isAcceptablePacket)
build/OpenMote-CC2538_armgcc/openapps/libopenapps.a(openapps_dyn.o)
                              build/OpenMote-CC2538_armgcc/openstack/libopenstack.a(openstack.o) (openapps_init)
build/OpenMote-CC2538_armgcc/openapps/libopenapps.a(c6t.o)
                              build/OpenMote-CC2538_armgcc/openapps/libopenapps.a(openapps_dyn.o) (c6t_init)
build/OpenMote-CC2538_armgcc/openapps/libopenapps.a(cinfo.o)
                              build/OpenMote-CC2538_armgcc/openapps/libopenapps.a(openapps_dyn.o) (cinfo_init)
build/OpenMote-CC2538_armgcc/openapps/libopenapps.a(cleds.o)
                              build/OpenMote-CC2538_armgcc/openapps/libopenapps.a(openapps_dyn.o) (cleds__init)
[...]
Memory Configuration

Name             Origin             Length             Attributes
FLASH            0x0000000000200000 0x000000000007ffd4 xr
FLASH_CCA        0x000000000027ffd4 0x000000000000000c xr
SRAM             0x0000000020004000 0x0000000000004000 xrw
*default*        0x0000000000000000 0xffffffffffffffff

Linker script and memory map

LOAD build/OpenMote-CC2538_armgcc/projects/common/03oos_openwsn/03oos_openwsn.o
LOAD build/OpenMote-CC2538_armgcc/openstack/libopenstack.a
LOAD build/OpenMote-CC2538_armgcc/openapps/libopenapps.a
LOAD build/OpenMote-CC2538_armgcc/kernel/openos/libkernel.a
LOAD build/OpenMote-CC2538_armgcc/drivers/libdrivers.a
LOAD build/OpenMote-CC2538_armgcc/bsp/boards/libbsp.a
START GROUP
LOAD /usr/bin/../lib/gcc/arm-none-eabi/4.9.3/armv7-m/libgcc.a
LOAD /usr/bin/../lib/gcc/arm-none-eabi/4.9.3/../../../../arm-none-eabi/lib/armv7-m/libg.a
LOAD /usr/bin/../lib/gcc/arm-none-eabi/4.9.3/../../../../arm-none-eabi/lib/armv7-m/libc.a
END GROUP

.text           0x0000000000200000    0x1701b
                0x0000000000200000                _text = .
 *(.vectors)
 .vectors       0x0000000000200000      0x28c build/OpenMote-CC2538_armgcc/bsp/boards/libbsp.a(startup_gcc.o)
                0x0000000000200000                gVectors
 *(.text*)
 .text          0x000000000020028c       0x24 build/OpenMote-CC2538_armgcc/projects/common/03oos_openwsn/03oos_openwsn.o
                0x000000000020028c                mote_main
 .text          0x00000000002002b0       0x6c build/OpenMote-CC2538_armgcc/openstack/libopenstack.a(openstack.o)
                0x00000000002002b0                openstack_init
 .text          0x000000000020031c     0x2440 build/OpenMote-CC2538_armgcc/openstack/libopenstack.a(IEEE802154E.o)
                0x000000000020031c                ieee154e_init
                0x00000000002003d4                ieee154e_asnDiff
                0x0000000000200480                isr_ieee154e_newSlot
                0x00000000002004e4                isr_ieee154e_timer
                0x00000000002005f8                ieee154e_startOfFrame
                0x00000000002006c0                ieee154e_endOfFrame
                0x0000000000200788                debugPrint_asn
                0x00000000002007c8                debugPrint_isSync
                0x00000000002007f4                debugPrint_macStats
                0x000000000020080c                activity_synchronize_newSlot
                0x00000000002008f4                activity_synchronize_startOfFrame
                0x000000000020092c                activity_synchronize_endOfFrame
                0x0000000000200bf4                ieee154e_processIEs
                0x0000000000200f10                activity_ti1ORri1
                0x0000000000201164                activity_ti2
                0x0000000000201210                activity_tie1
                0x0000000000201234                activity_ti3
                0x0000000000201258                activity_tie2
                0x000000000020127c                activity_ti4
                0x00000000002012b0                activity_tie3
                0x00000000002012d4                activity_ti5
                0x0000000000201370                activity_ti6
                0x00000000002013d0                activity_tie4
                0x00000000002013f4                activity_ti7
                0x0000000000201418                activity_tie5
                0x0000000000201470                activity_ti8
                0x00000000002014a4                activity_tie6
                0x00000000002014b0                activity_ti9
                0x00000000002016e8                activity_ri2
                0x0000000000201748                activity_rie1
                0x000000000020176c                activity_ri3
                0x0000000000201790                activity_rie2
                0x000000000020179c                activity_ri4
                0x00000000002017d8                activity_rie3
                0x00000000002017fc                activity_ri5
                0x0000000000201acc                activity_ri6
                0x0000000000201c84                activity_rie4
                0x0000000000201ca8                activity_ri7
                0x0000000000201ccc                activity_rie5
                0x0000000000201cf0                activity_ri8
                0x0000000000201d24                activity_rie6
                0x0000000000201d48                activity_ri9
                0x0000000000201dc8                isValidRxFrame
                0x0000000000201e38                isValidAck
                0x0000000000201eac                incrementAsnOffset
                0x0000000000201f5c                ieee154e_getAsn
                0x0000000000201fc4                ieee154e_getTimeCorrection
                0x0000000000201fe4                joinPriorityStoreFromEB
                0x0000000000202014                isValidJoin
                0x00000000002020b0                asnStoreFromEB
                0x0000000000202108                ieee154e_syncSlotOffset
                0x000000000020218c                ieee154e_setIsAckEnabled
                0x00000000002021ac                ieee154e_setSingleChannel
                0x00000000002021e8                ieee154e_setIsSecurityEnabled
                0x0000000000202208                ieee154e_setSlotDuration
                0x0000000000202228                ieee154e_getSlotDuration
                0x0000000000202240                timeslotTemplateIDStoreFromEB
                0x0000000000202260                channelhoppingTemplateIDStoreFromEB
                0x0000000000202280                synchronizePacket
                0x0000000000202324                synchronizeAck
                0x0000000000202390                changeIsSync
                0x00000000002023c4                notif_sendDone
                0x0000000000202404                notif_receive
                0x0000000000202440                resetStats
                0x00000000002024a0                updateStats
                0x00000000002024e8                calculateFrequency
                0x000000000020253c                changeState
                0x00000000002025e4                endSlot
                0x0000000000202744                ieee154e_isSynch
 .text          0x000000000020275c      0x430 build/OpenMote-CC2538_armgcc/openstack/libopenstack.a(adaptive_sync.o)
                0x000000000020275c                adaptive_sync_init
                0x000000000020278c                adaptive_sync_indicateTimeCorrection
                0x0000000000202928                adaptive_sync_calculateCompensatedSlots
                0x0000000000202a2c                adaptive_sync_countCompensationTimeout
                0x0000000000202aac                adaptive_sync_countCompensationTimeout_compoundSlots
                0x0000000000202b74                adaptive_sync_driftChanged
 .text          0x0000000000202b8c       0xa4 build/OpenMote-CC2538_armgcc/openstack/libopenstack.a(IEEE802154_dummy_security.o)
 .text          0x0000000000202c30      0xfb4 build/OpenMote-CC2538_armgcc/openstack/libopenstack.a(neighbors.o)
                0x0000000000202c30                neighbors_init
                0x0000000000202c68                neighbors_getMyDAGrank
                0x0000000000202c80                neighbors_getNumNeighbors
                0x0000000000202cc8                neighbors_getPreferredParentEui64
                0x0000000000202e1c                neighbors_getKANeighbor
                0x0000000000202ec0                neighbors_isStableNeighbor
                0x0000000000202f60                neighbors_isPreferredParent
                0x0000000000202fc0                neighbors_isNeighborWithLowerDAGrank
                0x0000000000203018                neighbors_isNeighborWithHigherDAGrank
                0x0000000000203070                neighbors_indicateRx
                0x0000000000203298                neighbors_indicateTx
                0x00000000002033fc                neighbors_indicateRxDIO
                0x0000000000203550                neighbors_getNeighbor
                0x00000000002035a8                neighbors_setMyDAGrank
                0x00000000002035c8                neighbors_updateMyDAGrankAndNeighborPreference
                0x0000000000203714                neighbors_removeOld
                0x0000000000203778                debugPrint_neighbors
                0x000000000020380c                registerNewNeighbor
                0x0000000000203a10                isNeighbor
                0x0000000000203a4c                removeNeighbor
                0x0000000000203b70                isThisRowMatching
 .text          0x0000000000203be4      0x7a0 build/OpenMote-CC2538_armgcc/openstack/libopenstack.a(processIE.o)
                0x0000000000203be4                processIE_prependMLMEIE
                0x0000000000203c2c                processIE_prepend_sixtopIE
                0x0000000000203c74                processIE_prependSyncIE
                0x0000000000203cd8                processIE_prependSlotframeLinkIE
                0x0000000000203de4                processIE_prependTSCHTimeslotIE
                0x0000000000203e94                processIE_prependChannelHoppingIE
                0x0000000000203efc                processIE_prepend_sixSubIEHeader
                0x0000000000203f40                processIE_prepend_sixGeneralMessage
                0x0000000000203fa0                processIE_prepend_sixSubID
                0x0000000000203fcc                processIE_prepend_sixCelllist
                0x00000000002040a0                processIE_retrieveSlotframeLinkIE
                0x000000000020428c                processIE_retrieve_sixCelllist
 .text          0x0000000000204384      0xadc build/OpenMote-CC2538_armgcc/openstack/libopenstack.a(schedule.o)
                0x0000000000204384                schedule_init
                0x0000000000204424                schedule_startDAGroot
                0x000000000020448c                debugPrint_schedule
                0x00000000002045d4                debugPrint_backoff
                0x0000000000204604                schedule_setFrameLength
                0x0000000000204638                schedule_setFrameHandle
                0x000000000020465c                schedule_setFrameNumber
                0x0000000000204680                schedule_getSlotInfo
                0x0000000000204708                schedule_getMaxActiveSlots
                0x0000000000204720                schedule_addActiveSlot
                0x0000000000204858                schedule_removeActiveSlot
                0x0000000000204948                schedule_isSlotOffsetAvailable
                0x0000000000204994                schedule_statistic_poorLinkQuality
                0x0000000000204a00                schedule_getCellsCounts
                0x0000000000204a74                schedule_removeAllCells
                0x0000000000204ad4                schedule_getCurrentScheduleEntry
                0x0000000000204aec                schedule_syncSlotOffset
                0x0000000000204b1c                schedule_advanceSlot
                0x0000000000204b3c                schedule_getNextActiveSlotOffset
                0x0000000000204b64                schedule_getFrameLength
                0x0000000000204b88                schedule_getFrameHandle
                0x0000000000204bac                schedule_getFrameNumber
                0x0000000000204bd0                schedule_getType
                0x0000000000204bf8                schedule_getNeighbor
                0x0000000000204c24                schedule_getChannelOffset
                0x0000000000204c4c                schedule_getOkToSend
                0x0000000000204cb0                schedule_resetBackoff
                0x0000000000204cd4                schedule_indicateRx
                0x0000000000204d10                schedule_indicateTx
                0x0000000000204dfc                schedule_resetEntry
 .text          0x0000000000204e60     0x173c build/OpenMote-CC2538_armgcc/openstack/libopenstack.a(sixtop.o)
                0x0000000000204e60                sixtop_init
                0x0000000000204ee0                sixtop_setKaPeriod
                0x0000000000204f10                sixtop_setEBPeriod
                0x0000000000204f40                sixtop_setHandler
                0x0000000000204f60                sixtop_request
                0x0000000000205124                sixtop_addORremoveCellByInfo
                0x0000000000205278                sixtop_maintaining
                0x00000000002052c8                sixtop_send
                0x0000000000205324                task_sixtopNotifSendDone
                0x0000000000205408                task_sixtopNotifReceive
                0x00000000002054ec                debugPrint_myDAGrank
                0x0000000000205514                debugPrint_kaPeriod
                0x000000000020553c                sixtop_setIsResponseEnabled
                0x000000000020555c                sixtop_send_internal
                0x00000000002055dc                sixtop_maintenance_timer_cb
                0x00000000002055f8                sixtop_timeout_timer_cb
                0x0000000000205614                timer_sixtop_management_fired
                0x000000000020568c                sixtop_sendEB
                0x00000000002057a0                sixtop_sendKA
                0x0000000000205850                timer_sixtop_six2six_timeout_fired
                0x0000000000205870                sixtop_six2six_sendDone
                0x0000000000205ae0                sixtop_processIEs
                0x0000000000205cf8                sixtop_notifyReceiveCommand
                0x00000000002060cc                sixtop_getCelllist
                0x0000000000206178                sixtop_candidateAddCellList
                0x0000000000206220                sixtop_candidateRemoveCellList
                0x00000000002062c8                sixtop_addCellsByState
                0x00000000002063bc                sixtop_removeCellsByState
                0x000000000020640c                sixtop_areAvailableCellsToBeScheduled
                0x00000000002064b8                sixtop_areAvailableCellsToBeRemoved
 .text          0x000000000020659c     0x1514 build/OpenMote-CC2538_armgcc/openstack/libopenstack.a(iphc.o)
                0x000000000020659c                iphc_init
                0x00000000002065a8                iphc_sendFromForwarding
                0x0000000000206820                iphc_sendFromBridge
                0x0000000000206860                iphc_sendDone
                0x0000000000206898                iphc_receive
                0x000000000020695c                iphc_prependIPv6Header
                0x0000000000206d1c                iphc_retrieveIPv6Header
                0x00000000002071c0                iphc_retrieveIphcHeader
                0x0000000000207900                iphc_prependIPv6HopByHopHeader
                0x00000000002079b4                iphc_retrieveIPv6HopByHopHeader
 .text          0x0000000000207ab0      0x1a0 build/OpenMote-CC2538_armgcc/openstack/libopenstack.a(openbridge.o)
                0x0000000000207ab0                openbridge_init
                0x0000000000207abc                openbridge_triggerData
                0x0000000000207bbc                openbridge_sendDone
                0x0000000000207bf0                openbridge_receive
 .text          0x0000000000207c50      0xc98 build/OpenMote-CC2538_armgcc/openstack/libopenstack.a(forwarding.o)
                0x0000000000207c50                forwarding_init
                0x0000000000207c5c                forwarding_send
                0x0000000000207e50                forwarding_sendDone
                0x0000000000207ecc                forwarding_receive
                0x0000000000208068                forwarding_getNextHop
                0x00000000002080cc                forwarding_send_internal_RoutingTable
                0x0000000000208144                forwarding_send_internal_SourceRouting
                0x000000000020886c                forwarding_createRplOption
 .text          0x00000000002088e8       0xe8 build/OpenMote-CC2538_armgcc/openstack/libopenstack.a(icmpv6.o)
                0x00000000002088e8                icmpv6_init
                0x00000000002088f4                icmpv6_send
                0x0000000000208918                icmpv6_sendDone
                0x0000000000208974                icmpv6_receive
 .text          0x00000000002089d0      0x288 build/OpenMote-CC2538_armgcc/openstack/libopenstack.a(icmpv6echo.o)
                0x00000000002089d0                icmpv6echo_init
                0x00000000002089ec                icmpv6echo_trigger
                0x0000000000208b08                icmpv6echo_sendDone
                0x0000000000208b44                icmpv6echo_receive
 .text          0x0000000000208c58      0x7a4 build/OpenMote-CC2538_armgcc/openstack/libopenstack.a(icmpv6rpl.o)
                0x0000000000208c58                icmpv6rpl_init
                0x0000000000208de4                icmpv6rpl_writeDODAGid
                0x0000000000208e18                icmpv6rpl_getRPLIntanceID
                0x0000000000208e30                icmpv6rpl_getRPLDODAGid
                0x0000000000208e5c                icmpv6rpl_sendDone
                0x0000000000208e98                icmpv6rpl_receive
                0x0000000000208f5c                icmpv6rpl_timer_DIO_cb
                0x0000000000208f78                icmpv6rpl_timer_DIO_task
                0x0000000000208fb0                sendDIO
                0x00000000002090f8                icmpv6rpl_timer_DAO_cb
                0x0000000000209114                icmpv6rpl_timer_DAO_task
                0x000000000020914c                sendDAO
                0x0000000000209384                icmpv6rpl_setDIOPeriod
                0x00000000002093c0                icmpv6rpl_setDAOPeriod
 .text          0x00000000002093fc      0x810 build/OpenMote-CC2538_armgcc/openstack/libopenstack.a(opencoap.o)
                0x00000000002093fc                opencoap_init
                0x0000000000209418                opencoap_receive
                0x0000000000209940                opencoap_sendDone
                0x00000000002099b4                opencoap_writeLinks
                0x0000000000209aa4                opencoap_register
                0x0000000000209aec                opencoap_send
 .text          0x0000000000209c0c     0x1060 build/OpenMote-CC2538_armgcc/openstack/libopenstack.a(opentcp.o)
                0x0000000000209c0c                opentcp_init
                0x0000000000209c24                opentcp_connect
                0x0000000000209cf4                opentcp_send
                0x0000000000209dc8                opentcp_sendDone
                0x0000000000209fa0                opentcp_receive
                0x000000000020a880                opentcp_close
                0x000000000020a934                tcp_debugPrint
                0x000000000020a944                timers_tcp_fired
                0x000000000020a950                prependTCPHeader
                0x000000000020aa8c                containsControlBits
                0x000000000020aba4                opentcp_reset
                0x000000000020abe0                tcp_change_state
                0x000000000020ac50                opentcp_timer_cb
 .text          0x000000000020ac6c      0x320 build/OpenMote-CC2538_armgcc/openstack/libopenstack.a(openudp.o)
                0x000000000020ac6c                openudp_init
                0x000000000020ac78                openudp_send
                0x000000000020acf8                openudp_sendDone
                0x000000000020ad80                openudp_receive
                0x000000000020af7c                openudp_debugPrint
 .text          0x000000000020af8c      0x400 build/OpenMote-CC2538_armgcc/openstack/libopenstack.a(idmanager.o)
                0x000000000020af8c                idmanager_init
                0x000000000020aff0                idmanager_getIsDAGroot
                0x000000000020b014                idmanager_setIsDAGroot
                0x000000000020b040                idmanager_getMyID
                0x000000000020b0bc                idmanager_setMyID
                0x000000000020b188                idmanager_isMyAddress
                0x000000000020b278                idmanager_triggerAboutRoot
                0x000000000020b334                debugPrint_id
 .text          0x000000000020b38c      0x560 build/OpenMote-CC2538_armgcc/openstack/libopenstack.a(openqueue.o)
                0x000000000020b38c                openqueue_init
                0x000000000020b3c4                debugPrint_queue
                0x000000000020b434                openqueue_getFreePacketBuffer
                0x000000000020b4d0                openqueue_freePacketBuffer
                0x000000000020b55c                openqueue_removeAllCreatedBy
                0x000000000020b5b4                openqueue_removeAllOwnedBy
                0x000000000020b60c                openqueue_sixtopGetSentPacket
                0x000000000020b678                openqueue_sixtopGetReceivedPacket
                0x000000000020b6e4                openqueue_macGetDataPacket
                0x000000000020b7f0                openqueue_macGetEBPacket
                0x000000000020b878                openqueue_reset_entry
 .text          0x000000000020b8ec       0xb8 build/OpenMote-CC2538_armgcc/openstack/libopenstack.a(openrandom.o)
                0x000000000020b8ec                openrandom_init
                0x000000000020b930                openrandom_get16b
 .text          0x000000000020b9a4      0xa78 build/OpenMote-CC2538_armgcc/openstack/libopenstack.a(packetfunctions.o)
                0x000000000020b9a4                packetfunctions_ip128bToMac64b
                0x000000000020ba08                packetfunctions_mac64bToIp128b
                0x000000000020ba70                packetfunctions_mac64bToMac16b
                0x000000000020bab8                packetfunctions_mac16bToMac64b
                0x000000000020bb24                packetfunctions_isBroadcastMulticast
                0x000000000020bba4                packetfunctions_isAllRoutersMulticast
                0x000000000020bc48                packetfunctions_isAllHostsMulticast
                0x000000000020bcec                packetfunctions_sameAddress
                0x000000000020bd80                packetfunctions_readAddress
                0x000000000020be2c                packetfunctions_writeAddress
                0x000000000020bee0                packetfunctions_reserveHeaderSize
                0x000000000020bf2c                packetfunctions_tossHeader
                0x000000000020bf78                packetfunctions_reserveFooterSize
                0x000000000020bfb4                packetfunctions_tossFooter
                0x000000000020bfec                packetfunctions_duplicatePacket
                0x000000000020c090                packetfunctions_calculateCRC
                0x000000000020c12c                packetfunctions_checkCRC
                0x000000000020c1dc                packetfunctions_calculateChecksum
                0x000000000020c2b4                onesComplementSum
                0x000000000020c344                packetfunctions_htons
                0x000000000020c370                packetfunctions_ntohs
                0x000000000020c39c                packetfunctions_htonl
                0x000000000020c3e4                packetfunctions_ntohl
 .text          0x000000000020c41c      0x6e4 build/OpenMote-CC2538_armgcc/openstack/libopenstack.a(IEEE802154.o)
                0x000000000020c41c                ieee802154_prependHeader
                0x000000000020c66c                ieee802154_retrieveHeader
 .text          0x000000000020cb00       0x18 build/OpenMote-CC2538_armgcc/openstack/libopenstack.a(topology.o)
                0x000000000020cb00                topology_isAcceptablePacket
 .text          0x000000000020cb18       0x24 build/OpenMote-CC2538_armgcc/openapps/libopenapps.a(openapps_dyn.o)
                0x000000000020cb18                openapps_init
 .text          0x000000000020cb3c      0x15c build/OpenMote-CC2538_armgcc/openapps/libopenapps.a(c6t.o)
                0x000000000020cb3c                c6t_init
                0x000000000020cb94                c6t_receive
                0x000000000020cc80                c6t_sendDone
 .text          0x000000000020cc98      0x188 build/OpenMote-CC2538_armgcc/openapps/libopenapps.a(cinfo.o)
                0x000000000020cc98                cinfo_init
                0x000000000020ccf0                cinfo_receive
                0x000000000020ce08                cinfo_sendDone
 .text          0x000000000020ce20      0x11c build/OpenMote-CC2538_armgcc/openapps/libopenapps.a(cleds.o)
                0x000000000020ce20                cleds__init
                0x000000000020ce6c                cleds_receive
                0x000000000020cf24                cleds_sendDone
 .text          0x000000000020cf3c       0xe8 build/OpenMote-CC2538_armgcc/openapps/libopenapps.a(cwellknown.o)
                0x000000000020cf3c                cwellknown_init
                0x000000000020cf98                cwellknown_receive
                0x000000000020d00c                cwellknown_sendDone
 .text          0x000000000020d024      0x3f0 build/OpenMote-CC2538_armgcc/openapps/libopenapps.a(rrt.o)
                0x000000000020d024                rrt_init
                0x000000000020d084                rrt_receive
                0x000000000020d1e8                rrt_setGETRespMsg
                0x000000000020d2e8                rrt_sendCoAPMsg
                0x000000000020d3fc                rrt_sendDone
 .text          0x000000000020d414       0xc0 build/OpenMote-CC2538_armgcc/openapps/libopenapps.a(techo.o)
                0x000000000020d414                techo_init
                0x000000000020d420                techo_shouldIlisten
                0x000000000020d430                techo_receive
                0x000000000020d478                techo_sendDone
                0x000000000020d4b0                techo_connectDone
                0x000000000020d4c4                techo_debugPrint
 .text          0x000000000020d4d4       0xe0 build/OpenMote-CC2538_armgcc/openapps/libopenapps.a(uecho.o)
                0x000000000020d4d4                uecho_init
                0x000000000020d4e0                uecho_receive
                0x000000000020d58c                uecho_sendDone
                0x000000000020d5a4                uecho_debugPrint
 .text          0x000000000020d5b4      0x144 build/OpenMote-CC2538_armgcc/openapps/libopenapps.a(uinject.o)
                0x000000000020d5b4                uinject_init
                0x000000000020d5e4                uinject_sendDone
                0x000000000020d5fc                uinject_receive
                0x000000000020d61c                uinject_timer_cb
                0x000000000020d638                uinject_task_cb
 .text          0x000000000020d6f8      0x130 build/OpenMote-CC2538_armgcc/kernel/openos/libkernel.a(scheduler.o)
                0x000000000020d6f8                scheduler_init
                0x000000000020d71c                scheduler_start
                0x000000000020d774                scheduler_push_task
 .text          0x000000000020d828      0xd68 build/OpenMote-CC2538_armgcc/drivers/libdrivers.a(openserial.o)
                0x000000000020d828                openserial_init
                0x000000000020d8dc                openserial_printStatus
                0x000000000020d964                openserial_printInfoErrorCritical
                0x000000000020da10                openserial_printData
                0x000000000020dabc                openserial_printPacket
                0x000000000020db44                openserial_printInfo
                0x000000000020db80                openserial_printError
                0x000000000020dbc0                openserial_printCritical
                0x000000000020dc10                openserial_board_reset_cb
                0x000000000020dc24                openserial_getNumDataBytes
                0x000000000020dc4c                openserial_getInputBuffer
                0x000000000020dcb0                openserial_startInput
                0x000000000020dd1c                openserial_startOutput
                0x000000000020de78                openserial_stop
                0x000000000020df8c                openserial_goldenImageCommands
                0x000000000020e20c                debugPrint_outBufferIndexes
                0x000000000020e248                outputHdlcOpen
                0x000000000020e280                outputHdlcWrite
                0x000000000020e2fc                outputHdlcClose
                0x000000000020e34c                inputHdlcOpen
                0x000000000020e36c                inputHdlcWrite
                0x000000000020e3d4                inputHdlcClose
                0x000000000020e404                isr_openserial_tx
                0x000000000020e48c                isr_openserial_rx
                0x000000000020e560                openserial_echo
 .text          0x000000000020e590      0x940 build/OpenMote-CC2538_armgcc/drivers/libdrivers.a(opentimers.o)
                0x000000000020e590                opentimers_init
                0x000000000020e638                opentimers_start
                0x000000000020e844                opentimers_setPeriod
                0x000000000020e950                opentimers_stop
                0x000000000020e97c                opentimers_restart
                0x000000000020e9a8                opentimers_timer_callback
                0x000000000020ec58                opentimers_sleepTimeCompesation
 .text          0x000000000020eed0       0x38 build/OpenMote-CC2538_armgcc/drivers/libdrivers.a(openhdlc.o)
                0x000000000020eed0                crcIteration
 .text          0x000000000020ef08      0x3d0 build/OpenMote-CC2538_armgcc/bsp/boards/libbsp.a(board.o)
                0x000000000020ef08                main
                0x000000000020ef18                board_init
                0x000000000020ef58                board_sleep
                0x000000000020ef68                board_timer_init
                0x000000000020ef84                board_timer_get
                0x000000000020efa8                board_timer_expired
                0x000000000020efe0                board_reset
                0x000000000020efec                antenna_init
                0x000000000020f01c                antenna_external
                0x000000000020f03c                antenna_internal
 .text          0x000000000020f2d8      0x128 build/OpenMote-CC2538_armgcc/bsp/boards/libbsp.a(bsp_timer.o)
                0x000000000020f2d8                bsp_timer_init
                0x000000000020f2f8                bsp_timer_set_callback
                0x000000000020f314                bsp_timer_reset
                0x000000000020f330                bsp_timer_scheduleIn
                0x000000000020f3b8                bsp_timer_cancel_schedule
                0x000000000020f3c4                bsp_timer_get_currentValue
                0x000000000020f3d4                bsp_timer_isr_private
                0x000000000020f3ec                bsp_timer_isr
 .text          0x000000000020f400      0x248 build/OpenMote-CC2538_armgcc/bsp/boards/libbsp.a(cc2538_crypto_engine.o)
 .text          0x000000000020f648      0x1d4 build/OpenMote-CC2538_armgcc/bsp/boards/libbsp.a(debugpins.o)
                0x000000000020f648                debugpins_init
                0x000000000020f67c                debugpins_frame_toggle
                0x000000000020f690                debugpins_frame_clr
                0x000000000020f6a4                debugpins_frame_set
                0x000000000020f6b8                debugpins_slot_toggle
                0x000000000020f6cc                debugpins_slot_clr
                0x000000000020f6e0                debugpins_slot_set
                0x000000000020f6f4                debugpins_fsm_toggle
                0x000000000020f708                debugpins_fsm_clr
                0x000000000020f71c                debugpins_fsm_set
                0x000000000020f730                debugpins_task_toggle
                0x000000000020f744                debugpins_task_clr
                0x000000000020f758                debugpins_task_set
                0x000000000020f76c                debugpins_isr_toggle
                0x000000000020f780                debugpins_isr_clr
                0x000000000020f794                debugpins_isr_set
                0x000000000020f7a8                debugpins_radio_toggle
                0x000000000020f7bc                debugpins_radio_clr
                0x000000000020f7d0                debugpins_radio_set
                0x000000000020f7e4                bspDBpinToggle
 .text          0x000000000020f81c       0x58 build/OpenMote-CC2538_armgcc/bsp/boards/libbsp.a(eui64.o)
                0x000000000020f81c                eui64_get
 .text          0x000000000020f874      0x294 build/OpenMote-CC2538_armgcc/bsp/boards/libbsp.a(i2c.o)
                0x000000000020f874                i2c_init
                0x000000000020f8fc                i2c_read_byte
                0x000000000020f960                i2c_read_bytes
                0x000000000020f9ec                i2c_write_byte
                0x000000000020fa50                i2c_write_bytes
 .text          0x000000000020fb08      0x264 build/OpenMote-CC2538_armgcc/bsp/boards/libbsp.a(leds.o)
                0x000000000020fb08                leds_init
                0x000000000020fb24                leds_error_on
                0x000000000020fb30                leds_error_off
                0x000000000020fb3c                leds_error_toggle
                0x000000000020fb48                leds_error_isOn
                0x000000000020fb70                leds_sync_on
                0x000000000020fb7c                leds_sync_off
                0x000000000020fb88                leds_sync_toggle
                0x000000000020fb94                leds_sync_isOn
                0x000000000020fbbc                leds_radio_on
                0x000000000020fbc8                leds_radio_off
                0x000000000020fbd4                leds_radio_toggle
                0x000000000020fbe0                leds_radio_isOn
                0x000000000020fc04                leds_debug_on
                0x000000000020fc10                leds_debug_off
                0x000000000020fc1c                leds_debug_toggle
                0x000000000020fc28                leds_debug_isOn
                0x000000000020fc50                leds_all_on
                0x000000000020fc5c                leds_all_off
                0x000000000020fc68                leds_all_toggle
                0x000000000020fc74                leds_error_blink
                0x000000000020fcd4                leds_circular_shift
                0x000000000020fce0                leds_increment
                0x000000000020fcec                bspLedSet
                0x000000000020fd10                bspLedClear
                0x000000000020fd30                bspLedToggle
 .text          0x000000000020fd6c      0x680 build/OpenMote-CC2538_armgcc/bsp/boards/libbsp.a(radio.o)
                0x000000000020fd6c                radio_init
                0x000000000020feb4                radio_setOverflowCb
                0x000000000020fec8                radio_setCompareCb
                0x000000000020fedc                radio_setStartFrameCb
                0x000000000020fef8                radio_setEndFrameCb
                0x000000000020ff14                radio_reset
                0x000000000020ff60                radio_startTimer
                0x000000000020ff74                radio_getTimerValue
                0x000000000020ff84                radio_setTimerPeriod
                0x000000000020ff98                radio_getTimerPeriod
                0x000000000020ffa8                radio_setFrequency
                0x000000000020fff0                radio_rfOn
                0x000000000020fffc                radio_rfOff
                0x0000000000210024                radio_loadPacket
                0x000000000021009c                radio_txEnable
                0x00000000002100bc                radio_txNow
                0x000000000021010c                radio_rxEnable
                0x000000000021012c                radio_rxNow
                0x0000000000210160                radio_getReceivedFrame
                0x000000000021022c                enable_radio_interrupts
                0x0000000000210258                disable_radio_interrupts
                0x0000000000210278                radio_on
                0x0000000000210290                radio_off
                0x00000000002102d0                radio_isr
                0x00000000002102e0                radio_isr_internal
                0x00000000002103b8                radio_error_isr
 .text          0x00000000002103ec      0x3e8 build/OpenMote-CC2538_armgcc/bsp/boards/libbsp.a(radiotimer.o)
                0x00000000002103ec                radiotimer_init
                0x0000000000210400                radiotimer_setOverflowCb
                0x000000000021041c                radiotimer_setCompareCb
                0x0000000000210438                radiotimer_setStartFrameCb
                0x0000000000210444                radiotimer_setEndFrameCb
                0x0000000000210450                radiotimer_start
                0x0000000000210518                radiotimer_getValue
                0x0000000000210564                radiotimer_setPeriod
                0x00000000002105ac                radiotimer_getPeriod
                0x00000000002105f8                radiotimer_schedule
                0x000000000021065c                radiotimer_cancel
                0x00000000002106ac                radiotimer_getCapturedTime
                0x00000000002106f8                get_real_counter
                0x0000000000210738                radiotimer_isr_private
                0x000000000021074c                radiotimer_isr
 .text          0x00000000002107d4      0x184 build/OpenMote-CC2538_armgcc/bsp/boards/libbsp.a(sensors.o)
                0x00000000002107d4                sensors_init
                0x0000000000210840                sensors_is_present
                0x000000000021086c                sensors_getCallbackRead
                0x00000000002108e8                sensors_getCallbackConvert
 .text          0x0000000000210958       0x88 build/OpenMote-CC2538_armgcc/bsp/boards/libbsp.a(startup_gcc.o)
                0x0000000000210958                NmiSR
                0x0000000000210964                FaultISR
                0x000000000021096c                IntDefaultHandler
                0x0000000000210974                ResetISR
 .text          0x00000000002109e0      0x1dc build/OpenMote-CC2538_armgcc/bsp/boards/libbsp.a(uart.o)
                0x00000000002109e0                uart_init
                0x0000000000210a78                uart_setCallbacks
                0x0000000000210a9c                uart_enableInterrupts
                0x0000000000210ab0                uart_disableInterrupts
                0x0000000000210ac4                uart_clearRxInterrupts
                0x0000000000210ad8                uart_clearTxInterrupts
                0x0000000000210aec                uart_writeByte
                0x0000000000210b0c                uart_readByte
                0x0000000000210b7c                uart_tx_isr
                0x0000000000210b9c                uart_rx_isr
 .text          0x0000000000210bbc      0x364 build/OpenMote-CC2538_armgcc/bsp/boards/libbsp.a(aes.o)
                0x0000000000210bbc                AESLoadKey
                0x0000000000210d3c                AESECBStart
                0x0000000000210e44                AESECBCheckResult
                0x0000000000210e8c                AESECBGetResult
 .text          0x0000000000210f20      0x718 build/OpenMote-CC2538_armgcc/bsp/boards/libbsp.a(ccm.o)
                0x0000000000210f20                CCMAuthEncryptStart
                0x0000000000211148                CCMAuthEncryptCheckResult
                0x0000000000211190                CCMAuthEncryptGetResult
                0x00000000002112a4                CCMInvAuthDecryptStart
                0x00000000002114c0                CCMInvAuthDecryptCheckResult
                0x00000000002114d0                CCMInvAuthDecryptGetResult
 .text          0x0000000000211638      0x220 build/OpenMote-CC2538_armgcc/bsp/boards/libbsp.a(flash.o)
                0x0000000000211638                FlashMainPageErase
                0x0000000000211668                FlashUpperPageErase
                0x00000000002116a4                FlashMainPageProgram
                0x00000000002116d8                FlashUpperPageProgram
                0x000000000021171c                FlashGet
                0x0000000000211734                FlashCacheModeGet
                0x0000000000211750                FlashCacheModeSet
                0x0000000000211794                FlashSizeGet
                0x0000000000211808                FlashSramSizeGet
 .text          0x0000000000211858      0x838 build/OpenMote-CC2538_armgcc/bsp/boards/libbsp.a(gpio.o)
                0x0000000000211858                GPIOGetIntNumber
                0x00000000002118c0                GPIODirModeSet
                0x0000000000211938                GPIODirModeGet
                0x0000000000211994                GPIOIntTypeSet
                0x0000000000211a3c                GPIOIntTypeGet
                0x0000000000211ab4                GPIOPinIntEnable
                0x0000000000211ae0                GPIOPinIntDisable
                0x0000000000211b10                GPIOPinIntStatus
                0x0000000000211b40                GPIOPinIntClear
                0x0000000000211b64                GPIOPortIntRegister
                0x0000000000211b8c                GPIOPortIntUnregister
                0x0000000000211bb0                GPIOPinRead
                0x0000000000211bd4                GPIOPinWrite
                0x0000000000211c00                GPIOPinTypeGPIOInput
                0x0000000000211c2c                GPIOPinTypeGPIOOutput
                0x0000000000211c58                GPIOPinTypeI2C
                0x0000000000211c84                GPIOPinTypeSSI
                0x0000000000211cb0                GPIOPinTypeTimer
                0x0000000000211cdc                GPIOPinTypeUARTInput
                0x0000000000211d08                GPIOPinTypeUARTOutput
                0x0000000000211d34                GPIOPowIntTypeSet
                0x0000000000211dd0                GPIOPowIntTypeGet
                0x0000000000211e50                GPIOPowIntEnable
                0x0000000000211ecc                GPIOPowIntDisable
                0x0000000000211f48                GPIOPowIntStatus
                0x0000000000211fcc                GPIOPowIntClear
                0x0000000000212048                GPIOIntWakeupEnable
                0x000000000021206c                GPIOIntWakeupDisable
 .text          0x0000000000212090      0x5c4 build/OpenMote-CC2538_armgcc/bsp/boards/libbsp.a(gptimer.o)
                0x0000000000212090                TimerEnable
                0x00000000002120bc                TimerDisable
                0x00000000002120ec                TimerConfigure
                0x0000000000212140                TimerControlLevel
                0x0000000000212188                TimerControlTrigger
                0x00000000002121d0                TimerControlEvent
                0x000000000021220c                TimerControlStall
                0x0000000000212254                TimerControlWaitOnTrigger
                0x00000000002122d8                TimerPrescaleSet
                0x0000000000212314                TimerPrescaleGet
                0x0000000000212340                TimerPrescaleMatchSet
                0x000000000021237c                TimerPrescaleMatchGet
                0x00000000002123a8                TimerLoadSet
                0x00000000002123e4                TimerLoadGet
                0x0000000000212410                TimerValueGet
                0x000000000021243c                TimerMatchSet
                0x0000000000212478                TimerMatchGet
                0x00000000002124a4                TimerIntRegister
                0x0000000000212520                TimerIntUnregister
                0x0000000000212598                TimerIntEnable
                0x00000000002125c0                TimerIntDisable
                0x00000000002125e8                TimerIntStatus
                0x0000000000212614                TimerIntClear
                0x0000000000212634                TimerSynchronize
 .text          0x0000000000212654      0x448 build/OpenMote-CC2538_armgcc/bsp/boards/libbsp.a(i2c_lib.o)
                0x0000000000212654                I2CMasterInitExpClk
                0x00000000002126b0                I2CSlaveInit
                0x00000000002126d0                I2CMasterEnable
                0x00000000002126ec                I2CSlaveEnable
                0x0000000000212714                I2CMasterDisable
                0x0000000000212730                I2CSlaveDisable
                0x0000000000212758                I2CIntRegister
                0x0000000000212774                I2CIntUnregister
                0x0000000000212788                I2CMasterIntEnable
                0x00000000002127a0                I2CSlaveIntEnable
                0x00000000002127bc                I2CSlaveIntEnableEx
                0x00000000002127e0                I2CMasterIntDisable
                0x00000000002127f8                I2CSlaveIntDisable
                0x0000000000212814                I2CSlaveIntDisableEx
                0x0000000000212838                I2CMasterIntStatus
                0x000000000021287c                I2CSlaveIntStatus
                0x00000000002128c0                I2CSlaveIntStatusEx
                0x00000000002128f0                I2CMasterIntClear
                0x0000000000212910                I2CSlaveIntClear
                0x0000000000212928                I2CSlaveIntClearEx
                0x0000000000212944                I2CMasterSlaveAddrSet
                0x0000000000212970                I2CMasterBusy
                0x0000000000212994                I2CMasterBusBusy
                0x00000000002129b8                I2CMasterControl
                0x00000000002129d4                I2CMasterErr
                0x0000000000212a14                I2CMasterDataPut
                0x0000000000212a34                I2CMasterDataGet
                0x0000000000212a4c                I2CSlaveStatus
                0x0000000000212a64                I2CSlaveDataPut
                0x0000000000212a84                I2CSlaveDataGet
 .text          0x0000000000212a9c      0x458 build/OpenMote-CC2538_armgcc/bsp/boards/libbsp.a(interrupt.o)
                0x0000000000212aa4                IntMasterEnable
                0x0000000000212abc                IntMasterDisable
                0x0000000000212ad4                IntRegister
                0x0000000000212b38                IntUnregister
                0x0000000000212b5c                IntPriorityGroupingSet
                0x0000000000212b8c                IntPriorityGroupingGet
                0x0000000000212bd4                IntPrioritySet
                0x0000000000212c38                IntPriorityGet
                0x0000000000212c68                IntEnable
                0x0000000000212cfc                IntDisable
                0x0000000000212d90                IntPendSet
                0x0000000000212e0c                IntPendClear
                0x0000000000212e74                IntPriorityMaskSet
                0x0000000000212e88                IntPriorityMaskGet
                0x0000000000212e98                IntAltMapEnable
                0x0000000000212eb4                IntAltMapDisable
                0x0000000000212ed0                IntAltMapIsEnabled
 .text          0x0000000000212ef4      0x56c build/OpenMote-CC2538_armgcc/bsp/boards/libbsp.a(ioc.o)
                0x0000000000212ef4                IOCPinConfigPeriphOutput
                0x0000000000212fbc                IOCPinConfigPeriphInput
                0x0000000000213168                IOCPadConfigSet
                0x0000000000213234                IOCPadConfigGet
 .text          0x0000000000213460      0x1b4 build/OpenMote-CC2538_armgcc/bsp/boards/libbsp.a(sleepmode.o)
                0x0000000000213460                SleepModeIntRegister
                0x000000000021347c                SleepModeIntUnregister
                0x0000000000213490                SleepModeTimerCountGet
                0x00000000002134e0                SleepModeCaptureConfig
                0x0000000000213518                SleepModeTimerCompareSet
                0x0000000000213570                SleepModeCaptureGet
                0x00000000002135c0                SleepModeCaptureIsValid
                0x00000000002135ec                SleepModeCaptureNew
 .text          0x0000000000213614      0x668 build/OpenMote-CC2538_armgcc/bsp/boards/libbsp.a(sys_ctrl.o)
                0x0000000000213614                SysCtrlClockSet
                0x00000000002136d0                SysCtrlClockGet
                0x0000000000213778                SysCtrlIOClockSet
                0x00000000002137ac                SysCtrlIOClockGet
                0x0000000000213858                SysCtrlDelay
                0x0000000000213860                SysCtrlReset
                0x0000000000213870                SysCtrlSleep
                0x000000000021387c                SysCtrlDeepSleep
                0x0000000000213958                SysCtrlPeripheralPresent
                0x00000000002139d4                SysCtrlPeripheralReset
                0x0000000000213a60                SysCtrlPeripheralEnable
                0x0000000000213aa8                SysCtrlPeripheralDisable
                0x0000000000213af0                SysCtrlPeripheralSleepEnable
                0x0000000000213b38                SysCtrlPeripheralSleepDisable
                0x0000000000213b80                SysCtrlPeripheralDeepSleepEnable
                0x0000000000213bc8                SysCtrlPeripheralDeepSleepDisable
                0x0000000000213c10                SysCtrlPowerModeSet
                0x0000000000213c2c                SysCtrlPowerModeGet
                0x0000000000213c54                SysCtrlClockLossDetectEnable
 .text          0x0000000000213c7c      0x724 build/OpenMote-CC2538_armgcc/bsp/boards/libbsp.a(uarthal.o)
                0x0000000000213c7c                UARTParityModeSet
                0x0000000000213ca8                UARTParityModeGet
                0x0000000000213cc8                UARTFIFOLevelSet
                0x0000000000213cec                UARTFIFOLevelGet
                0x0000000000213d20                UARTConfigSetExpClk
                0x0000000000213db0                UARTConfigGetExpClk
                0x0000000000213e14                UARTEnable
                0x0000000000213e50                UARTDisable
                0x0000000000213e9c                UARTFIFOEnable
                0x0000000000213ec0                UARTFIFODisable
                0x0000000000213ee4                UARTEnableSIR
                0x0000000000213f28                UARTDisableSIR
                0x0000000000213f4c                UARTTxIntModeSet
                0x0000000000213f78                UARTTxIntModeGet
                0x0000000000213f98                UARTCharsAvail
                0x0000000000213fc0                UARTSpaceAvail
                0x0000000000213fe8                UARTCharGetNonBlocking
                0x0000000000214014                UARTCharGet
                0x000000000021403c                UARTCharPutNonBlocking
                0x0000000000214070                UARTCharPut
                0x000000000021409c                UARTBreakCtl
                0x00000000002140d8                UARTBusy
                0x0000000000214100                UARTIntRegister
                0x0000000000214134                UARTIntUnregister
                0x0000000000214164                UARTIntEnable
                0x000000000021418c                UARTIntDisable
                0x00000000002141b4                UARTIntStatus
                0x00000000002141e0                UARTIntClear
                0x0000000000214200                UARTDMAEnable
                0x0000000000214228                UARTDMADisable
                0x0000000000214250                UARTRxErrorGet
                0x0000000000214270                UARTRxErrorClear
                0x000000000021428c                UARTClockSourceSet
                0x00000000002142ac                UARTClockSourceGet
                0x00000000002142c8                UART9BitEnable
                0x00000000002142ec                UART9BitDisable
                0x0000000000214310                UART9BitAddrSet
                0x0000000000214340                UART9BitAddrSend
 .text          0x00000000002143a0      0x190 build/OpenMote-CC2538_armgcc/bsp/boards/libbsp.a(adxl346.o)
                0x00000000002143a0                adxl346_init
                0x00000000002143e8                adxl346_reset
                0x00000000002143f4                adxl346_is_present
                0x0000000000214420                adxl346_read_x
                0x0000000000214468                adxl346_read_y
                0x00000000002144b0                adxl346_read_z
                0x00000000002144f8                adxl346_convert_acceleration
 .text          0x0000000000214530      0x1cc build/OpenMote-CC2538_armgcc/bsp/boards/libbsp.a(max44009.o)
                0x0000000000214530                max44009_init
                0x000000000021459c                max44009_reset
                0x0000000000214608                max44009_is_present
                0x000000000021463c                max44009_read_light
                0x00000000002146a0                max44009_convert_light
 *fill*         0x00000000002146fc        0x4 00000000
 .text          0x0000000000214700      0x24c build/OpenMote-CC2538_armgcc/bsp/boards/libbsp.a(sht21.o)
                0x0000000000214700                sht21_init
                0x000000000021474c                sht21_reset
                0x000000000021475c                sht21_is_present
                0x00000000002147a0                sht21_read_temperature
                0x00000000002147dc                sht21_convert_temperature
                0x0000000000214858                sht21_read_humidity
                0x0000000000214894                sht21_convert_humidity
 .text          0x000000000021494c       0x84 build/OpenMote-CC2538_armgcc/bsp/boards/libbsp.a(aes_cbc.o)
                0x000000000021494c                aes_cbc_enc_raw
 .text          0x00000000002149d0       0xfc build/OpenMote-CC2538_armgcc/bsp/boards/libbsp.a(aes_ctr.o)
                0x0000000000214a14                aes_ctr_enc_raw
 *fill*         0x0000000000214acc        0x4 00000000
 .text          0x0000000000214ad0       0xf0 build/OpenMote-CC2538_armgcc/bsp/boards/libbsp.a(adc_sensor.o)
                0x0000000000214ad0                adc_sensor_init
                0x0000000000214afc                adc_sens_read_temperature
                0x0000000000214b30                adc_sens_convert_temperature
 .text          0x0000000000214bc0       0xf4 build/OpenMote-CC2538_armgcc/bsp/boards/libbsp.a(adc.o)
                0x0000000000214bc0                SOCADCIntRegister
                0x0000000000214bdc                SOCADCIntUnregister
                0x0000000000214bf0                SOCADCSingleConfigure
                0x0000000000214c2c                SOCADCSingleStart
                0x0000000000214c58                SOCADCDataGet
                0x0000000000214c90                SOCADCEndOfCOnversionGet
 .text          0x0000000000214cb4       0x4c build/OpenMote-CC2538_armgcc/bsp/boards/libbsp.a(cpu.o)
                0x0000000000214cb4                CPUcpsid
                0x0000000000214cc4                CPUprimask
                0x0000000000214cd0                CPUcpsie
                0x0000000000214ce0                CPUwfi
                0x0000000000214ce4                CPUwfe
                0x0000000000214ce8                CPUsev
                0x0000000000214cec                CPUbasepriSet
                0x0000000000214cf4                CPUbasepriGet
 .text          0x0000000000214d00      0x370 /usr/bin/../lib/gcc/arm-none-eabi/4.9.3/armv7-m/libgcc.a(_arm_addsubdf3.o)
                0x0000000000214d00                __aeabi_drsub
                0x0000000000214d08                __aeabi_dsub
                0x0000000000214d08                __subdf3
                0x0000000000214d0c                __adddf3
                0x0000000000214d0c                __aeabi_dadd
                0x0000000000214f84                __aeabi_ui2d
                0x0000000000214f84                __floatunsidf
                0x0000000000214fa4                __floatsidf
                0x0000000000214fa4                __aeabi_i2d
                0x0000000000214fc8                __extendsfdf2
                0x0000000000214fc8                __aeabi_f2d
                0x0000000000215004                __aeabi_ul2d
                0x0000000000215004                __floatundidf
                0x0000000000215014                __floatdidf
                0x0000000000215014                __aeabi_l2d
 .text          0x0000000000215070      0x424 /usr/bin/../lib/gcc/arm-none-eabi/4.9.3/armv7-m/libgcc.a(_arm_muldivdf3.o)
                0x0000000000215070                __aeabi_dmul
                0x0000000000215070                __muldf3
                0x00000000002152c4                __aeabi_ddiv
                0x00000000002152c4                __divdf3
 .text          0x0000000000215494       0xa0 /usr/bin/../lib/gcc/arm-none-eabi/4.9.3/armv7-m/libgcc.a(_arm_truncdfsf2.o)
                0x0000000000215494                __aeabi_d2f
                0x0000000000215494                __truncdfsf2
 .text          0x0000000000215534      0x21c /usr/bin/../lib/gcc/arm-none-eabi/4.9.3/armv7-m/libgcc.a(_arm_addsubsf3.o)
                0x0000000000215534                __aeabi_frsub
                0x000000000021553c                __subsf3
                0x000000000021553c                __aeabi_fsub
                0x0000000000215540                __aeabi_fadd
                0x0000000000215540                __addsf3
                0x00000000002156a0                __aeabi_ui2f
                0x00000000002156a0                __floatunsisf
                0x00000000002156a8                __aeabi_i2f
                0x00000000002156a8                __floatsisf
                0x00000000002156c4                __floatundisf
                0x00000000002156c4                __aeabi_ul2f
                0x00000000002156d4                __floatdisf
                0x00000000002156d4                __aeabi_l2f
 .text          0x0000000000215750      0x2a0 /usr/bin/../lib/gcc/arm-none-eabi/4.9.3/armv7-m/libgcc.a(_arm_muldivsf3.o)
                0x0000000000215750                __mulsf3
                0x0000000000215750                __aeabi_fmul
                0x00000000002158b8                __divsf3
                0x00000000002158b8                __aeabi_fdiv
 .text          0x00000000002159f0        0x0 /usr/bin/../lib/gcc/arm-none-eabi/4.9.3/../../../../arm-none-eabi/lib/armv7-m/libg.a(lib_a-memcmp.o)
 .text.memcmp   0x00000000002159f0       0x64 /usr/bin/../lib/gcc/arm-none-eabi/4.9.3/../../../../arm-none-eabi/lib/armv7-m/libg.a(lib_a-memcmp.o)
                0x00000000002159f0                memcmp
 .text          0x0000000000215a54       0xec /usr/bin/../lib/gcc/arm-none-eabi/4.9.3/../../../../arm-none-eabi/lib/armv7-m/libg.a(lib_a-memcpy.o)
                0x0000000000215a54                memcpy
 .text          0x0000000000215b40        0x0 /usr/bin/../lib/gcc/arm-none-eabi/4.9.3/../../../../arm-none-eabi/lib/armv7-m/libg.a(lib_a-memset.o)
 .text.memset   0x0000000000215b40       0x9c /usr/bin/../lib/gcc/arm-none-eabi/4.9.3/../../../../arm-none-eabi/lib/armv7-m/libg.a(lib_a-memset.o)
                0x0000000000215b40                memset
 *(.rodata*)
 .rodata        0x0000000000215bdc       0x2d build/OpenMote-CC2538_armgcc/projects/common/03oos_openwsn/03oos_openwsn.o
 *fill*         0x0000000000215c09        0x3 00000000
 .rodata        0x0000000000215c0c       0xa0 build/OpenMote-CC2538_armgcc/openstack/libopenstack.a(openstack.o)
 .rodata        0x0000000000215cac       0x50 build/OpenMote-CC2538_armgcc/openstack/libopenstack.a(IEEE802154E.o)
 .rodata        0x0000000000215cfc       0x50 build/OpenMote-CC2538_armgcc/openstack/libopenstack.a(adaptive_sync.o)
 .rodata        0x0000000000215d4c       0x4c build/OpenMote-CC2538_armgcc/openstack/libopenstack.a(IEEE802154_dummy_security.o)
                0x0000000000215d7c                IEEE802154_dummy_security
 .rodata        0x0000000000215d98       0x50 build/OpenMote-CC2538_armgcc/openstack/libopenstack.a(neighbors.o)
 .rodata        0x0000000000215de8       0x50 build/OpenMote-CC2538_armgcc/openstack/libopenstack.a(processIE.o)
 .rodata        0x0000000000215e38       0x2d build/OpenMote-CC2538_armgcc/openstack/libopenstack.a(schedule.o)
 *fill*         0x0000000000215e65        0x3 00000000
 .rodata        0x0000000000215e68       0x50 build/OpenMote-CC2538_armgcc/openstack/libopenstack.a(sixtop.o)
 .rodata        0x0000000000215eb8       0x51 build/OpenMote-CC2538_armgcc/openstack/libopenstack.a(iphc.o)
 *fill*         0x0000000000215f09        0x3 00000000
 .rodata        0x0000000000215f0c       0x2d build/OpenMote-CC2538_armgcc/openstack/libopenstack.a(openbridge.o)
 *fill*         0x0000000000215f39        0x3 00000000
 .rodata        0x0000000000215f3c       0x40 build/OpenMote-CC2538_armgcc/openstack/libopenstack.a(forwarding.o)
 .rodata        0x0000000000215f7c       0x40 build/OpenMote-CC2538_armgcc/openstack/libopenstack.a(icmpv6.o)
 .rodata        0x0000000000215fbc       0x2d build/OpenMote-CC2538_armgcc/openstack/libopenstack.a(icmpv6echo.o)
 *fill*         0x0000000000215fe9        0x3 00000000
 .rodata        0x0000000000215fec       0x50 build/OpenMote-CC2538_armgcc/openstack/libopenstack.a(icmpv6rpl.o)
 .rodata        0x000000000021603c       0x80 build/OpenMote-CC2538_armgcc/openstack/libopenstack.a(opencoap.o)
 .rodata        0x00000000002160bc       0x2d build/OpenMote-CC2538_armgcc/openstack/libopenstack.a(opentcp.o)
 *fill*         0x00000000002160e9        0x3 00000000
 .rodata        0x00000000002160ec       0x80 build/OpenMote-CC2538_armgcc/openstack/libopenstack.a(openudp.o)
 .rodata        0x000000000021616c       0x40 build/OpenMote-CC2538_armgcc/openstack/libopenstack.a(idmanager.o)
 .rodata        0x00000000002161ac       0x40 build/OpenMote-CC2538_armgcc/openstack/libopenstack.a(openqueue.o)
 .rodata        0x00000000002161ec       0x2d build/OpenMote-CC2538_armgcc/openstack/libopenstack.a(openrandom.o)
 *fill*         0x0000000000216219        0x3 00000000
 .rodata        0x000000000021621c       0x2d build/OpenMote-CC2538_armgcc/openstack/libopenstack.a(packetfunctions.o)
 *fill*         0x0000000000216249        0x3 00000000
 .rodata        0x000000000021624c       0x40 build/OpenMote-CC2538_armgcc/openstack/libopenstack.a(IEEE802154.o)
 .rodata        0x000000000021628c       0x2d build/OpenMote-CC2538_armgcc/openstack/libopenstack.a(topology.o)
 *fill*         0x00000000002162b9        0x3 00000000
 .rodata        0x00000000002162bc       0x80 build/OpenMote-CC2538_armgcc/openapps/libopenapps.a(openapps_dyn.o)
 .rodata        0x000000000021633c       0x93 build/OpenMote-CC2538_armgcc/openapps/libopenapps.a(c6t.o)
                0x00000000002163cc                c6t_path0
 *fill*         0x00000000002163cf        0x1 00000000
 .rodata        0x00000000002163d0       0x82 build/OpenMote-CC2538_armgcc/openapps/libopenapps.a(cinfo.o)
                0x0000000000216450                cinfo_path0
 *fill*         0x0000000000216452        0x2 00000000
 .rodata        0x0000000000216454       0x82 build/OpenMote-CC2538_armgcc/openapps/libopenapps.a(cleds.o)
                0x00000000002164d4                cleds_path0
 *fill*         0x00000000002164d6        0x2 00000000
 .rodata        0x00000000002164d8       0x91 build/OpenMote-CC2538_armgcc/openapps/libopenapps.a(cwellknown.o)
                0x0000000000216558                cwellknown_path0
                0x0000000000216564                cwellknown_path1
 *fill*         0x0000000000216569        0x3 00000000
 .rodata        0x000000000021656c       0x93 build/OpenMote-CC2538_armgcc/openapps/libopenapps.a(rrt.o)
                0x00000000002165fc                rrt_path0
 *fill*         0x00000000002165ff        0x1 00000000
 .rodata        0x0000000000216600       0x2d build/OpenMote-CC2538_armgcc/openapps/libopenapps.a(techo.o)
 *fill*         0x000000000021662d        0x3 00000000
 .rodata        0x0000000000216630       0x2d build/OpenMote-CC2538_armgcc/openapps/libopenapps.a(uecho.o)
 *fill*         0x000000000021665d        0x3 00000000
 .rodata        0x0000000000216660       0x50 build/OpenMote-CC2538_armgcc/openapps/libopenapps.a(uinject.o)
 .rodata        0x00000000002166b0       0x2d build/OpenMote-CC2538_armgcc/kernel/openos/libkernel.a(scheduler.o)
 *fill*         0x00000000002166dd        0x3 00000000
 .rodata        0x00000000002166e0      0x250 build/OpenMote-CC2538_armgcc/drivers/libdrivers.a(openserial.o)
 .rodata        0x0000000000216930       0x2d build/OpenMote-CC2538_armgcc/drivers/libdrivers.a(opentimers.o)
 *fill*         0x000000000021695d        0x3 00000000
 .rodata        0x0000000000216960      0x230 build/OpenMote-CC2538_armgcc/drivers/libdrivers.a(openhdlc.o)
 .rodata        0x0000000000216b90       0x23 build/OpenMote-CC2538_armgcc/bsp/boards/libbsp.a(board.o)
 *fill*         0x0000000000216bb3        0x1 00000000
 .rodata        0x0000000000216bb4       0x23 build/OpenMote-CC2538_armgcc/bsp/boards/libbsp.a(bsp_timer.o)
 *fill*         0x0000000000216bd7        0x1 00000000
 .rodata        0x0000000000216bd8       0x48 build/OpenMote-CC2538_armgcc/bsp/boards/libbsp.a(cc2538_crypto_engine.o)
                0x0000000000216c08                board_crypto_engine
 .rodata        0x0000000000216c20       0x23 build/OpenMote-CC2538_armgcc/bsp/boards/libbsp.a(debugpins.o)
 *fill*         0x0000000000216c43        0x1 00000000
 .rodata        0x0000000000216c44       0x23 build/OpenMote-CC2538_armgcc/bsp/boards/libbsp.a(leds.o)
 *fill*         0x0000000000216c67        0x1 00000000
 .rodata        0x0000000000216c68       0x23 build/OpenMote-CC2538_armgcc/bsp/boards/libbsp.a(radio.o)
 *fill*         0x0000000000216c8b        0x1 00000000
 .rodata        0x0000000000216c8c       0x23 build/OpenMote-CC2538_armgcc/bsp/boards/libbsp.a(radiotimer.o)
 *fill*         0x0000000000216caf        0x1 00000000
 .rodata        0x0000000000216cb0       0x23 build/OpenMote-CC2538_armgcc/bsp/boards/libbsp.a(sensors.o)
 *fill*         0x0000000000216cd3        0x1 00000000
 .rodata        0x0000000000216cd4       0x23 build/OpenMote-CC2538_armgcc/bsp/boards/libbsp.a(uart.o)
 *fill*         0x0000000000216cf7        0x1 00000000
 .rodata        0x0000000000216cf8      0x114 build/OpenMote-CC2538_armgcc/bsp/boards/libbsp.a(interrupt.o)
 .rodata        0x0000000000216e0c      0x100 build/OpenMote-CC2538_armgcc/bsp/boards/libbsp.a(ioc.o)
 .rodata        0x0000000000216f0c       0x74 build/OpenMote-CC2538_armgcc/bsp/boards/libbsp.a(sys_ctrl.o)
 .rodata        0x0000000000216f80       0x15 build/OpenMote-CC2538_armgcc/bsp/boards/libbsp.a(max44009.o)
 *fill*         0x0000000000216f95        0x3 00000000
 .rodata        0x0000000000216f98       0x2d build/OpenMote-CC2538_armgcc/bsp/boards/libbsp.a(aes_cbc.o)
 *fill*         0x0000000000216fc5        0x3 00000000
 .rodata        0x0000000000216fc8       0x2d build/OpenMote-CC2538_armgcc/bsp/boards/libbsp.a(aes_ctr.o)
 *fill*         0x0000000000216ff5        0x3 00000000
 .rodata        0x0000000000216ff8       0x23 build/OpenMote-CC2538_armgcc/bsp/boards/libbsp.a(adc_sensor.o)
                0x000000000021701b                _etext = .

.glue_7         0x000000000021701c        0x0
 .glue_7        0x0000000000000000        0x0 linker stubs

.glue_7t        0x000000000021701c        0x0
 .glue_7t       0x0000000000000000        0x0 linker stubs

.vfp11_veneer   0x000000000021701c        0x0
 .vfp11_veneer  0x0000000000000000        0x0 linker stubs

.v4_bx          0x000000000021701c        0x0
 .v4_bx         0x0000000000000000        0x0 linker stubs

.iplt           0x000000000021701c        0x0
 .iplt          0x0000000000000000        0x0 build/OpenMote-CC2538_armgcc/projects/common/03oos_openwsn/03oos_openwsn.o

.data           0x0000000020004000      0x28c load address 0x000000000021701b
                0x0000000020004000                _data = .
 *(vtable)
 vtable         0x0000000020004000      0x28c build/OpenMote-CC2538_armgcc/bsp/boards/libbsp.a(interrupt.o)
 *(.data*)
 .data          0x000000002000428c        0x0 build/OpenMote-CC2538_armgcc/projects/common/03oos_openwsn/03oos_openwsn.o
 .data          0x000000002000428c        0x0 build/OpenMote-CC2538_armgcc/openstack/libopenstack.a(openstack.o)
 .data          0x000000002000428c        0x0 build/OpenMote-CC2538_armgcc/openstack/libopenstack.a(IEEE802154E.o)
 .data          0x000000002000428c        0x0 build/OpenMote-CC2538_armgcc/openstack/libopenstack.a(adaptive_sync.o)
 .data          0x000000002000428c        0x0 build/OpenMote-CC2538_armgcc/openstack/libopenstack.a(IEEE802154_dummy_security.o)
 .data          0x000000002000428c        0x0 build/OpenMote-CC2538_armgcc/openstack/libopenstack.a(neighbors.o)
 .data          0x000000002000428c        0x0 build/OpenMote-CC2538_armgcc/openstack/libopenstack.a(processIE.o)
 .data          0x000000002000428c        0x0 build/OpenMote-CC2538_armgcc/openstack/libopenstack.a(schedule.o)
 .data          0x000000002000428c        0x0 build/OpenMote-CC2538_armgcc/openstack/libopenstack.a(sixtop.o)
 .data          0x000000002000428c        0x0 build/OpenMote-CC2538_armgcc/openstack/libopenstack.a(iphc.o)
 .data          0x000000002000428c        0x0 build/OpenMote-CC2538_armgcc/openstack/libopenstack.a(openbridge.o)
 .data          0x000000002000428c        0x0 build/OpenMote-CC2538_armgcc/openstack/libopenstack.a(forwarding.o)
 .data          0x000000002000428c        0x0 build/OpenMote-CC2538_armgcc/openstack/libopenstack.a(icmpv6.o)
 .data          0x000000002000428c        0x0 build/OpenMote-CC2538_armgcc/openstack/libopenstack.a(icmpv6echo.o)
 .data          0x000000002000428c        0x0 build/OpenMote-CC2538_armgcc/openstack/libopenstack.a(icmpv6rpl.o)
 .data          0x000000002000428c        0x0 build/OpenMote-CC2538_armgcc/openstack/libopenstack.a(opencoap.o)
 .data          0x000000002000428c        0x0 build/OpenMote-CC2538_armgcc/openstack/libopenstack.a(opentcp.o)
 .data          0x000000002000428c        0x0 build/OpenMote-CC2538_armgcc/openstack/libopenstack.a(openudp.o)
 .data          0x000000002000428c        0x0 build/OpenMote-CC2538_armgcc/openstack/libopenstack.a(idmanager.o)
 .data          0x000000002000428c        0x0 build/OpenMote-CC2538_armgcc/openstack/libopenstack.a(openqueue.o)
 .data          0x000000002000428c        0x0 build/OpenMote-CC2538_armgcc/openstack/libopenstack.a(openrandom.o)
 .data          0x000000002000428c        0x0 build/OpenMote-CC2538_armgcc/openstack/libopenstack.a(packetfunctions.o)
 .data          0x000000002000428c        0x0 build/OpenMote-CC2538_armgcc/openstack/libopenstack.a(IEEE802154.o)
 .data          0x000000002000428c        0x0 build/OpenMote-CC2538_armgcc/openstack/libopenstack.a(topology.o)
 .data          0x000000002000428c        0x0 build/OpenMote-CC2538_armgcc/openapps/libopenapps.a(openapps_dyn.o)
 .data          0x000000002000428c        0x0 build/OpenMote-CC2538_armgcc/openapps/libopenapps.a(c6t.o)
 .data          0x000000002000428c        0x0 build/OpenMote-CC2538_armgcc/openapps/libopenapps.a(cinfo.o)
 .data          0x000000002000428c        0x0 build/OpenMote-CC2538_armgcc/openapps/libopenapps.a(cleds.o)
 .data          0x000000002000428c        0x0 build/OpenMote-CC2538_armgcc/openapps/libopenapps.a(cwellknown.o)
 .data          0x000000002000428c        0x0 build/OpenMote-CC2538_armgcc/openapps/libopenapps.a(rrt.o)
 .data          0x000000002000428c        0x0 build/OpenMote-CC2538_armgcc/openapps/libopenapps.a(techo.o)
 .data          0x000000002000428c        0x0 build/OpenMote-CC2538_armgcc/openapps/libopenapps.a(uecho.o)
 .data          0x000000002000428c        0x0 build/OpenMote-CC2538_armgcc/openapps/libopenapps.a(uinject.o)
 .data          0x000000002000428c        0x0 build/OpenMote-CC2538_armgcc/kernel/openos/libkernel.a(scheduler.o)
 .data          0x000000002000428c        0x0 build/OpenMote-CC2538_armgcc/drivers/libdrivers.a(openserial.o)
 .data          0x000000002000428c        0x0 build/OpenMote-CC2538_armgcc/drivers/libdrivers.a(opentimers.o)
 .data          0x000000002000428c        0x0 build/OpenMote-CC2538_armgcc/drivers/libdrivers.a(openhdlc.o)
 .data          0x000000002000428c        0x0 build/OpenMote-CC2538_armgcc/bsp/boards/libbsp.a(board.o)
 .data          0x000000002000428c        0x0 build/OpenMote-CC2538_armgcc/bsp/boards/libbsp.a(bsp_timer.o)
 .data          0x000000002000428c        0x0 build/OpenMote-CC2538_armgcc/bsp/boards/libbsp.a(cc2538_crypto_engine.o)
 .data          0x000000002000428c        0x0 build/OpenMote-CC2538_armgcc/bsp/boards/libbsp.a(debugpins.o)
 .data          0x000000002000428c        0x0 build/OpenMote-CC2538_armgcc/bsp/boards/libbsp.a(eui64.o)
 .data          0x000000002000428c        0x0 build/OpenMote-CC2538_armgcc/bsp/boards/libbsp.a(i2c.o)
 .data          0x000000002000428c        0x0 build/OpenMote-CC2538_armgcc/bsp/boards/libbsp.a(leds.o)
 .data          0x000000002000428c        0x0 build/OpenMote-CC2538_armgcc/bsp/boards/libbsp.a(radio.o)
 .data          0x000000002000428c        0x0 build/OpenMote-CC2538_armgcc/bsp/boards/libbsp.a(radiotimer.o)
 .data          0x000000002000428c        0x0 build/OpenMote-CC2538_armgcc/bsp/boards/libbsp.a(sensors.o)
 .data          0x000000002000428c        0x0 build/OpenMote-CC2538_armgcc/bsp/boards/libbsp.a(startup_gcc.o)
 .data          0x000000002000428c        0x0 build/OpenMote-CC2538_armgcc/bsp/boards/libbsp.a(uart.o)
 .data          0x000000002000428c        0x0 build/OpenMote-CC2538_armgcc/bsp/boards/libbsp.a(aes.o)
 .data          0x000000002000428c        0x0 build/OpenMote-CC2538_armgcc/bsp/boards/libbsp.a(ccm.o)
 .data          0x000000002000428c        0x0 build/OpenMote-CC2538_armgcc/bsp/boards/libbsp.a(flash.o)
 .data          0x000000002000428c        0x0 build/OpenMote-CC2538_armgcc/bsp/boards/libbsp.a(gpio.o)
 .data          0x000000002000428c        0x0 build/OpenMote-CC2538_armgcc/bsp/boards/libbsp.a(gptimer.o)
 .data          0x000000002000428c        0x0 build/OpenMote-CC2538_armgcc/bsp/boards/libbsp.a(i2c_lib.o)
 .data          0x000000002000428c        0x0 build/OpenMote-CC2538_armgcc/bsp/boards/libbsp.a(interrupt.o)
 .data          0x000000002000428c        0x0 build/OpenMote-CC2538_armgcc/bsp/boards/libbsp.a(ioc.o)
 .data          0x000000002000428c        0x0 build/OpenMote-CC2538_armgcc/bsp/boards/libbsp.a(sleepmode.o)
 .data          0x000000002000428c        0x0 build/OpenMote-CC2538_armgcc/bsp/boards/libbsp.a(sys_ctrl.o)
 .data          0x000000002000428c        0x0 build/OpenMote-CC2538_armgcc/bsp/boards/libbsp.a(uarthal.o)
 .data          0x000000002000428c        0x0 build/OpenMote-CC2538_armgcc/bsp/boards/libbsp.a(adxl346.o)
 .data          0x000000002000428c        0x0 build/OpenMote-CC2538_armgcc/bsp/boards/libbsp.a(max44009.o)
 .data          0x000000002000428c        0x0 build/OpenMote-CC2538_armgcc/bsp/boards/libbsp.a(sht21.o)
 .data          0x000000002000428c        0x0 build/OpenMote-CC2538_armgcc/bsp/boards/libbsp.a(aes_cbc.o)
 .data          0x000000002000428c        0x0 build/OpenMote-CC2538_armgcc/bsp/boards/libbsp.a(aes_ctr.o)
 .data          0x000000002000428c        0x0 build/OpenMote-CC2538_armgcc/bsp/boards/libbsp.a(adc_sensor.o)
 .data          0x000000002000428c        0x0 build/OpenMote-CC2538_armgcc/bsp/boards/libbsp.a(adc.o)
 .data          0x000000002000428c        0x0 build/OpenMote-CC2538_armgcc/bsp/boards/libbsp.a(cpu.o)
 .data          0x000000002000428c        0x0 /usr/bin/../lib/gcc/arm-none-eabi/4.9.3/armv7-m/libgcc.a(_arm_addsubdf3.o)
 .data          0x000000002000428c        0x0 /usr/bin/../lib/gcc/arm-none-eabi/4.9.3/armv7-m/libgcc.a(_arm_muldivdf3.o)
 .data          0x000000002000428c        0x0 /usr/bin/../lib/gcc/arm-none-eabi/4.9.3/armv7-m/libgcc.a(_arm_truncdfsf2.o)
 .data          0x000000002000428c        0x0 /usr/bin/../lib/gcc/arm-none-eabi/4.9.3/armv7-m/libgcc.a(_arm_addsubsf3.o)
 .data          0x000000002000428c        0x0 /usr/bin/../lib/gcc/arm-none-eabi/4.9.3/armv7-m/libgcc.a(_arm_muldivsf3.o)
 .data          0x000000002000428c        0x0 /usr/bin/../lib/gcc/arm-none-eabi/4.9.3/../../../../arm-none-eabi/lib/armv7-m/libg.a(lib_a-memcmp.o)
 .data          0x000000002000428c        0x0 /usr/bin/../lib/gcc/arm-none-eabi/4.9.3/../../../../arm-none-eabi/lib/armv7-m/libg.a(lib_a-memcpy.o)
 .data          0x000000002000428c        0x0 /usr/bin/../lib/gcc/arm-none-eabi/4.9.3/../../../../arm-none-eabi/lib/armv7-m/libg.a(lib_a-memset.o)
                0x000000002000428c                _edata = .

.igot.plt       0x000000002000428c        0x0 load address 0x00000000002172a8
 .igot.plt      0x0000000000000000        0x0 build/OpenMote-CC2538_armgcc/projects/common/03oos_openwsn/03oos_openwsn.o

.ARM.exidx
 *(.ARM.exidx*)

.bss            0x000000002000428c     0x1c20 load address 0x00000000002172a8
                0x000000002000428c                _bss = .
 *(.bss*)
 .bss           0x000000002000428c        0x0 build/OpenMote-CC2538_armgcc/projects/common/03oos_openwsn/03oos_openwsn.o
 .bss           0x000000002000428c        0x0 build/OpenMote-CC2538_armgcc/openstack/libopenstack.a(openstack.o)
 .bss           0x000000002000428c        0x0 build/OpenMote-CC2538_armgcc/openstack/libopenstack.a(IEEE802154E.o)
 .bss           0x000000002000428c        0x0 build/OpenMote-CC2538_armgcc/openstack/libopenstack.a(adaptive_sync.o)
 .bss           0x000000002000428c        0x0 build/OpenMote-CC2538_armgcc/openstack/libopenstack.a(IEEE802154_dummy_security.o)
 .bss           0x000000002000428c        0x0 build/OpenMote-CC2538_armgcc/openstack/libopenstack.a(neighbors.o)
 .bss           0x000000002000428c        0x0 build/OpenMote-CC2538_armgcc/openstack/libopenstack.a(processIE.o)
 .bss           0x000000002000428c        0x0 build/OpenMote-CC2538_armgcc/openstack/libopenstack.a(schedule.o)
 .bss           0x000000002000428c        0x0 build/OpenMote-CC2538_armgcc/openstack/libopenstack.a(sixtop.o)
 .bss           0x000000002000428c        0x0 build/OpenMote-CC2538_armgcc/openstack/libopenstack.a(iphc.o)
 .bss           0x000000002000428c        0x0 build/OpenMote-CC2538_armgcc/openstack/libopenstack.a(openbridge.o)
 .bss           0x000000002000428c        0x0 build/OpenMote-CC2538_armgcc/openstack/libopenstack.a(forwarding.o)
 .bss           0x000000002000428c        0x0 build/OpenMote-CC2538_armgcc/openstack/libopenstack.a(icmpv6.o)
 .bss           0x000000002000428c        0x0 build/OpenMote-CC2538_armgcc/openstack/libopenstack.a(icmpv6echo.o)
 .bss           0x000000002000428c        0x0 build/OpenMote-CC2538_armgcc/openstack/libopenstack.a(icmpv6rpl.o)
 .bss           0x000000002000428c        0x0 build/OpenMote-CC2538_armgcc/openstack/libopenstack.a(opencoap.o)
 .bss           0x000000002000428c        0x0 build/OpenMote-CC2538_armgcc/openstack/libopenstack.a(opentcp.o)
 .bss           0x000000002000428c        0x0 build/OpenMote-CC2538_armgcc/openstack/libopenstack.a(openudp.o)
 .bss           0x000000002000428c        0x0 build/OpenMote-CC2538_armgcc/openstack/libopenstack.a(idmanager.o)
 .bss           0x000000002000428c        0x0 build/OpenMote-CC2538_armgcc/openstack/libopenstack.a(openqueue.o)
 .bss           0x000000002000428c        0x0 build/OpenMote-CC2538_armgcc/openstack/libopenstack.a(openrandom.o)
 .bss           0x000000002000428c        0x0 build/OpenMote-CC2538_armgcc/openstack/libopenstack.a(packetfunctions.o)
 .bss           0x000000002000428c        0x0 build/OpenMote-CC2538_armgcc/openstack/libopenstack.a(IEEE802154.o)
 .bss           0x000000002000428c        0x0 build/OpenMote-CC2538_armgcc/openstack/libopenstack.a(topology.o)
 .bss           0x000000002000428c        0x0 build/OpenMote-CC2538_armgcc/openapps/libopenapps.a(openapps_dyn.o)
 .bss           0x000000002000428c        0x0 build/OpenMote-CC2538_armgcc/openapps/libopenapps.a(c6t.o)
 .bss           0x000000002000428c        0x0 build/OpenMote-CC2538_armgcc/openapps/libopenapps.a(cinfo.o)
 .bss           0x000000002000428c        0x0 build/OpenMote-CC2538_armgcc/openapps/libopenapps.a(cleds.o)
 .bss           0x000000002000428c        0x0 build/OpenMote-CC2538_armgcc/openapps/libopenapps.a(cwellknown.o)
 .bss           0x000000002000428c        0x0 build/OpenMote-CC2538_armgcc/openapps/libopenapps.a(rrt.o)
 .bss           0x000000002000428c        0x0 build/OpenMote-CC2538_armgcc/openapps/libopenapps.a(techo.o)
 .bss           0x000000002000428c        0x0 build/OpenMote-CC2538_armgcc/openapps/libopenapps.a(uecho.o)
 .bss           0x000000002000428c        0x0 build/OpenMote-CC2538_armgcc/openapps/libopenapps.a(uinject.o)
 .bss           0x000000002000428c        0x0 build/OpenMote-CC2538_armgcc/kernel/openos/libkernel.a(scheduler.o)
 .bss           0x000000002000428c        0x0 build/OpenMote-CC2538_armgcc/drivers/libdrivers.a(openserial.o)
 .bss           0x000000002000428c        0x0 build/OpenMote-CC2538_armgcc/drivers/libdrivers.a(opentimers.o)
 .bss           0x000000002000428c        0x0 build/OpenMote-CC2538_armgcc/drivers/libdrivers.a(openhdlc.o)
 .bss           0x000000002000428c        0x0 build/OpenMote-CC2538_armgcc/bsp/boards/libbsp.a(board.o)
 .bss           0x000000002000428c        0x0 build/OpenMote-CC2538_armgcc/bsp/boards/libbsp.a(bsp_timer.o)
 .bss           0x000000002000428c       0x10 build/OpenMote-CC2538_armgcc/bsp/boards/libbsp.a(cc2538_crypto_engine.o)
 .bss           0x000000002000429c        0x0 build/OpenMote-CC2538_armgcc/bsp/boards/libbsp.a(debugpins.o)
 .bss           0x000000002000429c        0x0 build/OpenMote-CC2538_armgcc/bsp/boards/libbsp.a(eui64.o)
 .bss           0x000000002000429c        0x0 build/OpenMote-CC2538_armgcc/bsp/boards/libbsp.a(i2c.o)
 .bss           0x000000002000429c        0x0 build/OpenMote-CC2538_armgcc/bsp/boards/libbsp.a(leds.o)
 .bss           0x000000002000429c        0x0 build/OpenMote-CC2538_armgcc/bsp/boards/libbsp.a(radio.o)
 .bss           0x000000002000429c        0x0 build/OpenMote-CC2538_armgcc/bsp/boards/libbsp.a(radiotimer.o)
 .bss           0x000000002000429c        0x0 build/OpenMote-CC2538_armgcc/bsp/boards/libbsp.a(sensors.o)
 .bss           0x000000002000429c      0x800 build/OpenMote-CC2538_armgcc/bsp/boards/libbsp.a(startup_gcc.o)
 .bss           0x0000000020004a9c        0x0 build/OpenMote-CC2538_armgcc/bsp/boards/libbsp.a(uart.o)
 .bss           0x0000000020004a9c       0x14 build/OpenMote-CC2538_armgcc/bsp/boards/libbsp.a(aes.o)
                0x0000000020004a9c                g_ui8CurrentAESOp
 .bss           0x0000000020004ab0        0x0 build/OpenMote-CC2538_armgcc/bsp/boards/libbsp.a(ccm.o)
 .bss           0x0000000020004ab0        0x0 build/OpenMote-CC2538_armgcc/bsp/boards/libbsp.a(flash.o)
 .bss           0x0000000020004ab0        0x0 build/OpenMote-CC2538_armgcc/bsp/boards/libbsp.a(gpio.o)
 .bss           0x0000000020004ab0        0x0 build/OpenMote-CC2538_armgcc/bsp/boards/libbsp.a(gptimer.o)
 .bss           0x0000000020004ab0        0x0 build/OpenMote-CC2538_armgcc/bsp/boards/libbsp.a(i2c_lib.o)
 .bss           0x0000000020004ab0        0x0 build/OpenMote-CC2538_armgcc/bsp/boards/libbsp.a(interrupt.o)
 .bss           0x0000000020004ab0        0x0 build/OpenMote-CC2538_armgcc/bsp/boards/libbsp.a(ioc.o)
 .bss           0x0000000020004ab0        0x0 build/OpenMote-CC2538_armgcc/bsp/boards/libbsp.a(sleepmode.o)
 .bss           0x0000000020004ab0        0x0 build/OpenMote-CC2538_armgcc/bsp/boards/libbsp.a(sys_ctrl.o)
 .bss           0x0000000020004ab0        0x0 build/OpenMote-CC2538_armgcc/bsp/boards/libbsp.a(uarthal.o)
 .bss           0x0000000020004ab0        0x0 build/OpenMote-CC2538_armgcc/bsp/boards/libbsp.a(adxl346.o)
 .bss           0x0000000020004ab0        0x0 build/OpenMote-CC2538_armgcc/bsp/boards/libbsp.a(max44009.o)
 .bss           0x0000000020004ab0        0x1 build/OpenMote-CC2538_armgcc/bsp/boards/libbsp.a(sht21.o)
 .bss           0x0000000020004ab1        0x0 build/OpenMote-CC2538_armgcc/bsp/boards/libbsp.a(aes_cbc.o)
 .bss           0x0000000020004ab1        0x0 build/OpenMote-CC2538_armgcc/bsp/boards/libbsp.a(aes_ctr.o)
 .bss           0x0000000020004ab1        0x0 build/OpenMote-CC2538_armgcc/bsp/boards/libbsp.a(adc_sensor.o)
 .bss           0x0000000020004ab1        0x0 build/OpenMote-CC2538_armgcc/bsp/boards/libbsp.a(adc.o)
 .bss           0x0000000020004ab1        0x0 build/OpenMote-CC2538_armgcc/bsp/boards/libbsp.a(cpu.o)
 .bss           0x0000000020004ab1        0x0 /usr/bin/../lib/gcc/arm-none-eabi/4.9.3/armv7-m/libgcc.a(_arm_addsubdf3.o)
 .bss           0x0000000020004ab1        0x0 /usr/bin/../lib/gcc/arm-none-eabi/4.9.3/armv7-m/libgcc.a(_arm_muldivdf3.o)
 .bss           0x0000000020004ab1        0x0 /usr/bin/../lib/gcc/arm-none-eabi/4.9.3/armv7-m/libgcc.a(_arm_truncdfsf2.o)
 .bss           0x0000000020004ab1        0x0 /usr/bin/../lib/gcc/arm-none-eabi/4.9.3/armv7-m/libgcc.a(_arm_addsubsf3.o)
 .bss           0x0000000020004ab1        0x0 /usr/bin/../lib/gcc/arm-none-eabi/4.9.3/armv7-m/libgcc.a(_arm_muldivsf3.o)
 .bss           0x0000000020004ab1        0x0 /usr/bin/../lib/gcc/arm-none-eabi/4.9.3/../../../../arm-none-eabi/lib/armv7-m/libg.a(lib_a-memcmp.o)
 .bss           0x0000000020004ab1        0x0 /usr/bin/../lib/gcc/arm-none-eabi/4.9.3/../../../../arm-none-eabi/lib/armv7-m/libg.a(lib_a-memcpy.o)
 .bss           0x0000000020004ab1        0x0 /usr/bin/../lib/gcc/arm-none-eabi/4.9.3/../../../../arm-none-eabi/lib/armv7-m/libg.a(lib_a-memset.o)
 *(COMMON)
 *fill*         0x0000000020004ab1        0x3 
 COMMON         0x0000000020004ab4      0x184 build/OpenMote-CC2538_armgcc/openstack/libopenstack.a(IEEE802154E.o)
                0x0000000020004ab4                ieee154e_vars
                0x0000000020004c18                ieee154e_stats
                0x0000000020004c28                ieee154e_dbg
 COMMON         0x0000000020004c38       0x2c build/OpenMote-CC2538_armgcc/openstack/libopenstack.a(adaptive_sync.o)
                0x0000000020004c38                adaptive_sync_vars
 COMMON         0x0000000020004c64      0x15c build/OpenMote-CC2538_armgcc/openstack/libopenstack.a(neighbors.o)
                0x0000000020004c64                neighbors_vars
 COMMON         0x0000000020004dc0      0x10c build/OpenMote-CC2538_armgcc/openstack/libopenstack.a(schedule.o)
                0x0000000020004dc0                schedule_vars
 COMMON         0x0000000020004ecc       0x10 build/OpenMote-CC2538_armgcc/openstack/libopenstack.a(sixtop.o)
                0x0000000020004ecc                sixtop_vars
 COMMON         0x0000000020004edc       0x14 build/OpenMote-CC2538_armgcc/openstack/libopenstack.a(icmpv6echo.o)
                0x0000000020004edc                icmpv6echo_vars
 COMMON         0x0000000020004ef0       0x5c build/OpenMote-CC2538_armgcc/openstack/libopenstack.a(icmpv6rpl.o)
                0x0000000020004ef0                icmpv6rpl_vars
 COMMON         0x0000000020004f4c        0x8 build/OpenMote-CC2538_armgcc/openstack/libopenstack.a(opencoap.o)
                0x0000000020004f4c                opencoap_vars
 COMMON         0x0000000020004f54       0x30 build/OpenMote-CC2538_armgcc/openstack/libopenstack.a(opentcp.o)
                0x0000000020004f54                tcp_vars
 COMMON         0x0000000020004f84       0x45 build/OpenMote-CC2538_armgcc/openstack/libopenstack.a(idmanager.o)
                0x0000000020004f84                idmanager_vars
 *fill*         0x0000000020004fc9        0x3 
 COMMON         0x0000000020004fcc      0xa78 build/OpenMote-CC2538_armgcc/openstack/libopenstack.a(openqueue.o)
                0x0000000020004fcc                openqueue_vars
 COMMON         0x0000000020005a44        0x2 build/OpenMote-CC2538_armgcc/openstack/libopenstack.a(openrandom.o)
                0x0000000020005a44                random_vars
 *fill*         0x0000000020005a46        0x2 
 COMMON         0x0000000020005a48       0x30 build/OpenMote-CC2538_armgcc/openapps/libopenapps.a(c6t.o)
                0x0000000020005a48                c6t_vars
 COMMON         0x0000000020005a78       0x30 build/OpenMote-CC2538_armgcc/openapps/libopenapps.a(cinfo.o)
                0x0000000020005a78                cinfo_vars
 COMMON         0x0000000020005aa8       0x30 build/OpenMote-CC2538_armgcc/openapps/libopenapps.a(cleds.o)
                0x0000000020005aa8                cleds_vars
 COMMON         0x0000000020005ad8       0x30 build/OpenMote-CC2538_armgcc/openapps/libopenapps.a(cwellknown.o)
                0x0000000020005ad8                cwellknown_vars
 COMMON         0x0000000020005b08       0x34 build/OpenMote-CC2538_armgcc/openapps/libopenapps.a(rrt.o)
                0x0000000020005b08                rrt_vars
 COMMON         0x0000000020005b3c        0x4 build/OpenMote-CC2538_armgcc/openapps/libopenapps.a(uinject.o)
                0x0000000020005b3c                uinject_vars
 COMMON         0x0000000020005b40       0x82 build/OpenMote-CC2538_armgcc/kernel/openos/libkernel.a(scheduler.o)
                0x0000000020005b40                scheduler_vars
                0x0000000020005bc0                scheduler_dbg
 *fill*         0x0000000020005bc2        0x2 
 COMMON         0x0000000020005bc4      0x1dc build/OpenMote-CC2538_armgcc/drivers/libdrivers.a(openserial.o)
                0x0000000020005bc4                openserial_vars
 COMMON         0x0000000020005da0       0xd0 build/OpenMote-CC2538_armgcc/drivers/libdrivers.a(opentimers.o)
                0x0000000020005da0                opentimers_vars
 COMMON         0x0000000020005e70       0x14 build/OpenMote-CC2538_armgcc/bsp/boards/libbsp.a(bsp_timer.o)
                0x0000000020005e70                bsp_timer_vars
 COMMON         0x0000000020005e84        0xc build/OpenMote-CC2538_armgcc/bsp/boards/libbsp.a(radio.o)
                0x0000000020005e84                radio_vars
 COMMON         0x0000000020005e90        0x8 build/OpenMote-CC2538_armgcc/bsp/boards/libbsp.a(radiotimer.o)
                0x0000000020005e90                radiotimer_vars
 COMMON         0x0000000020005e98        0x9 build/OpenMote-CC2538_armgcc/bsp/boards/libbsp.a(sensors.o)
                0x0000000020005e98                sensors_vars
 *fill*         0x0000000020005ea1        0x3 
 COMMON         0x0000000020005ea4        0x8 build/OpenMote-CC2538_armgcc/bsp/boards/libbsp.a(uart.o)
                0x0000000020005ea4                uart_vars
                0x0000000020005eac                _ebss = .

.flashcca       0x000000000027ffd4        0xc
 *(.flashcca)
 .flashcca      0x000000000027ffd4        0xc build/OpenMote-CC2538_armgcc/bsp/boards/libbsp.a(startup_gcc.o)
                0x000000000027ffd4                __cca
OUTPUT(build/OpenMote-CC2538_armgcc/projects/common/03oos_openwsn_prog elf32-littlearm)

.rel.dyn        0x000000000027ffe0        0x0
 .rel.iplt      0x0000000000000000        0x0 build/OpenMote-CC2538_armgcc/projects/common/03oos_openwsn/03oos_openwsn.o

.debug_info     0x0000000000000000    0x1dfc3
 .debug_info    0x0000000000000000      0x256 build/OpenMote-CC2538_armgcc/projects/common/03oos_openwsn/03oos_openwsn.o
 .debug_info    0x0000000000000256      0x9b2 build/OpenMote-CC2538_armgcc/openstack/libopenstack.a(openstack.o)
 .debug_info    0x0000000000000c08     0x18d3 build/OpenMote-CC2538_armgcc/openstack/libopenstack.a(IEEE802154E.o)
 .debug_info    0x00000000000024db      0x49b build/OpenMote-CC2538_armgcc/openstack/libopenstack.a(adaptive_sync.o)
 .debug_info    0x0000000000002976      0x7c9 build/OpenMote-CC2538_armgcc/openstack/libopenstack.a(IEEE802154_dummy_security.o)
 .debug_info    0x000000000000313f      0xf9b build/OpenMote-CC2538_armgcc/openstack/libopenstack.a(neighbors.o)
 .debug_info    0x00000000000040da      0xa8b build/OpenMote-CC2538_armgcc/openstack/libopenstack.a(processIE.o)
 .debug_info    0x0000000000004b65      0xd9f build/OpenMote-CC2538_armgcc/openstack/libopenstack.a(schedule.o)
 .debug_info    0x0000000000005904     0x153e build/OpenMote-CC2538_armgcc/openstack/libopenstack.a(sixtop.o)
 .debug_info    0x0000000000006e42     0x113a build/OpenMote-CC2538_armgcc/openstack/libopenstack.a(iphc.o)
 .debug_info    0x0000000000007f7c      0x851 build/OpenMote-CC2538_armgcc/openstack/libopenstack.a(openbridge.o)
 .debug_info    0x00000000000087cd      0xf1c build/OpenMote-CC2538_armgcc/openstack/libopenstack.a(forwarding.o)